Archive member included because of file (symbol)

d:/iti_embedded/imt tools/sdk/imt_sdk_win_64/winavr/bin/../lib/gcc/avr/4.3.3/avr5\libgcc.a(_udivmodsi4.o)
                              ./MCAL/MI2C/I2C_prog.o (__udivmodsi4)
d:/iti_embedded/imt tools/sdk/imt_sdk_win_64/winavr/bin/../lib/gcc/avr/4.3.3/avr5\libgcc.a(_exit.o)
                              d:/iti_embedded/imt tools/sdk/imt_sdk_win_64/winavr/bin/../lib/gcc/avr/4.3.3/../../../../avr/lib/avr5/crtm32.o (exit)
d:/iti_embedded/imt tools/sdk/imt_sdk_win_64/winavr/bin/../lib/gcc/avr/4.3.3/avr5\libgcc.a(_copy_data.o)
                              ./HAL/HKP/KP_Program.o (__do_copy_data)
d:/iti_embedded/imt tools/sdk/imt_sdk_win_64/winavr/bin/../lib/gcc/avr/4.3.3/avr5\libgcc.a(_clear_bss.o)
                              ./MCAL/MTIMER2/TIMER2_Program.o (__do_clear_bss)
d:/iti_embedded/imt tools/sdk/imt_sdk_win_64/winavr/bin/../lib/gcc/avr/4.3.3/avr5\libgcc.a(_fixunssfsi.o)
                              ./MCAL/MI2C/I2C_prog.o (__fixunssfsi)
d:/iti_embedded/imt tools/sdk/imt_sdk_win_64/winavr/bin/../lib/gcc/avr/4.3.3/avr5\libgcc.a(_addsub_sf.o)
                              d:/iti_embedded/imt tools/sdk/imt_sdk_win_64/winavr/bin/../lib/gcc/avr/4.3.3/avr5\libgcc.a(_fixunssfsi.o) (__subsf3)
d:/iti_embedded/imt tools/sdk/imt_sdk_win_64/winavr/bin/../lib/gcc/avr/4.3.3/avr5\libgcc.a(_mul_sf.o)
                              ./MCAL/MI2C/I2C_prog.o (__mulsf3)
d:/iti_embedded/imt tools/sdk/imt_sdk_win_64/winavr/bin/../lib/gcc/avr/4.3.3/avr5\libgcc.a(_div_sf.o)
                              ./MCAL/MI2C/I2C_prog.o (__divsf3)
d:/iti_embedded/imt tools/sdk/imt_sdk_win_64/winavr/bin/../lib/gcc/avr/4.3.3/avr5\libgcc.a(_gt_sf.o)
                              ./MCAL/MI2C/I2C_prog.o (__gtsf2)
d:/iti_embedded/imt tools/sdk/imt_sdk_win_64/winavr/bin/../lib/gcc/avr/4.3.3/avr5\libgcc.a(_ge_sf.o)
                              ./HAL/HSVM/SM_Program.o (__gesf2)
d:/iti_embedded/imt tools/sdk/imt_sdk_win_64/winavr/bin/../lib/gcc/avr/4.3.3/avr5\libgcc.a(_lt_sf.o)
                              ./MCAL/MI2C/I2C_prog.o (__ltsf2)
d:/iti_embedded/imt tools/sdk/imt_sdk_win_64/winavr/bin/../lib/gcc/avr/4.3.3/avr5\libgcc.a(_le_sf.o)
                              ./HAL/HSVM/SM_Program.o (__lesf2)
d:/iti_embedded/imt tools/sdk/imt_sdk_win_64/winavr/bin/../lib/gcc/avr/4.3.3/avr5\libgcc.a(_sf_to_si.o)
                              d:/iti_embedded/imt tools/sdk/imt_sdk_win_64/winavr/bin/../lib/gcc/avr/4.3.3/avr5\libgcc.a(_fixunssfsi.o) (__fixsfsi)
d:/iti_embedded/imt tools/sdk/imt_sdk_win_64/winavr/bin/../lib/gcc/avr/4.3.3/avr5\libgcc.a(_thenan_sf.o)
                              d:/iti_embedded/imt tools/sdk/imt_sdk_win_64/winavr/bin/../lib/gcc/avr/4.3.3/avr5\libgcc.a(_addsub_sf.o) (__thenan_sf)
d:/iti_embedded/imt tools/sdk/imt_sdk_win_64/winavr/bin/../lib/gcc/avr/4.3.3/avr5\libgcc.a(_usi_to_sf.o)
                              ./MCAL/MI2C/I2C_prog.o (__floatunsisf)
d:/iti_embedded/imt tools/sdk/imt_sdk_win_64/winavr/bin/../lib/gcc/avr/4.3.3/avr5\libgcc.a(_prologue.o)
                              d:/iti_embedded/imt tools/sdk/imt_sdk_win_64/winavr/bin/../lib/gcc/avr/4.3.3/avr5\libgcc.a(_addsub_sf.o) (__prologue_saves__)
d:/iti_embedded/imt tools/sdk/imt_sdk_win_64/winavr/bin/../lib/gcc/avr/4.3.3/avr5\libgcc.a(_epilogue.o)
                              d:/iti_embedded/imt tools/sdk/imt_sdk_win_64/winavr/bin/../lib/gcc/avr/4.3.3/avr5\libgcc.a(_addsub_sf.o) (__epilogue_restores__)
d:/iti_embedded/imt tools/sdk/imt_sdk_win_64/winavr/bin/../lib/gcc/avr/4.3.3/avr5\libgcc.a(_clzsi2.o)
                              d:/iti_embedded/imt tools/sdk/imt_sdk_win_64/winavr/bin/../lib/gcc/avr/4.3.3/avr5\libgcc.a(_usi_to_sf.o) (__clzsi2)
d:/iti_embedded/imt tools/sdk/imt_sdk_win_64/winavr/bin/../lib/gcc/avr/4.3.3/avr5\libgcc.a(_pack_sf.o)
                              d:/iti_embedded/imt tools/sdk/imt_sdk_win_64/winavr/bin/../lib/gcc/avr/4.3.3/avr5\libgcc.a(_addsub_sf.o) (__pack_f)
d:/iti_embedded/imt tools/sdk/imt_sdk_win_64/winavr/bin/../lib/gcc/avr/4.3.3/avr5\libgcc.a(_unpack_sf.o)
                              d:/iti_embedded/imt tools/sdk/imt_sdk_win_64/winavr/bin/../lib/gcc/avr/4.3.3/avr5\libgcc.a(_addsub_sf.o) (__unpack_f)
d:/iti_embedded/imt tools/sdk/imt_sdk_win_64/winavr/bin/../lib/gcc/avr/4.3.3/avr5\libgcc.a(_fpcmp_parts_sf.o)
                              d:/iti_embedded/imt tools/sdk/imt_sdk_win_64/winavr/bin/../lib/gcc/avr/4.3.3/avr5\libgcc.a(_gt_sf.o) (__fpcmp_parts_f)
d:/iti_embedded/imt tools/sdk/imt_sdk_win_64/winavr/bin/../lib/gcc/avr/4.3.3/avr5\libgcc.a(_clz.o)
                              d:/iti_embedded/imt tools/sdk/imt_sdk_win_64/winavr/bin/../lib/gcc/avr/4.3.3/avr5\libgcc.a(_clzsi2.o) (__clz_tab)

Allocating common symbols
Common symbol       size              file

GP_CM1ACallback     0x2               ./MCAL/MTIMER1/TIMER1_Program.o
GP_OvCallback       0x2               ./MCAL/MTIMER1/TIMER1_Program.o
GP_CM1BCallback     0x2               ./MCAL/MTIMER1/TIMER1_Program.o

Memory Configuration

Name             Origin             Length             Attributes
text             0x00000000         0x00020000         xr
data             0x00800060         0x0000ffa0         rw !x
eeprom           0x00810000         0x00010000         rw !x
fuse             0x00820000         0x00000400         rw !x
lock             0x00830000         0x00000400         rw !x
signature        0x00840000         0x00000400         rw !x
*default*        0x00000000         0xffffffff

Linker script and memory map

LOAD d:/iti_embedded/imt tools/sdk/imt_sdk_win_64/winavr/bin/../lib/gcc/avr/4.3.3/../../../../avr/lib/avr5/crtm32.o
LOAD ./MCAL/MUART/UART_prog.o
LOAD ./MCAL/MTIMER2/TIMER2_Program.o
LOAD ./MCAL/MTIMER1/TIMER1_Program.o
LOAD ./MCAL/MTIMER0/TIMER0_Program.o
LOAD ./MCAL/MI2C/I2C_prog.o
LOAD ./MCAL/MGINT/GINT_Program.o
LOAD ./MCAL/MDIO/DIO_Program.o
LOAD ./HAL/HSVM/SM_Program.o
LOAD ./HAL/HLCD/LCD_Program.o
LOAD ./HAL/HKP/KP_Program.o
LOAD ./HAL/EXT_EEPROM/EEPROM_prog.o
LOAD ./app.o
LOAD ./main.o
LOAD d:/iti_embedded/imt tools/sdk/imt_sdk_win_64/winavr/bin/../lib/gcc/avr/4.3.3/avr5\libgcc.a
LOAD d:/iti_embedded/imt tools/sdk/imt_sdk_win_64/winavr/bin/../lib/gcc/avr/4.3.3/../../../../avr/lib/avr5\libc.a
LOAD d:/iti_embedded/imt tools/sdk/imt_sdk_win_64/winavr/bin/../lib/gcc/avr/4.3.3/avr5\libgcc.a

.hash
 *(.hash)

.dynsym
 *(.dynsym)

.dynstr
 *(.dynstr)

.gnu.version
 *(.gnu.version)

.gnu.version_d
 *(.gnu.version_d)

.gnu.version_r
 *(.gnu.version_r)

.rel.init
 *(.rel.init)

.rela.init
 *(.rela.init)

.rel.text
 *(.rel.text)
 *(.rel.text.*)
 *(.rel.gnu.linkonce.t*)

.rela.text
 *(.rela.text)
 *(.rela.text.*)
 *(.rela.gnu.linkonce.t*)

.rel.fini
 *(.rel.fini)

.rela.fini
 *(.rela.fini)

.rel.rodata
 *(.rel.rodata)
 *(.rel.rodata.*)
 *(.rel.gnu.linkonce.r*)

.rela.rodata
 *(.rela.rodata)
 *(.rela.rodata.*)
 *(.rela.gnu.linkonce.r*)

.rel.data
 *(.rel.data)
 *(.rel.data.*)
 *(.rel.gnu.linkonce.d*)

.rela.data
 *(.rela.data)
 *(.rela.data.*)
 *(.rela.gnu.linkonce.d*)

.rel.ctors
 *(.rel.ctors)

.rela.ctors
 *(.rela.ctors)

.rel.dtors
 *(.rel.dtors)

.rela.dtors
 *(.rela.dtors)

.rel.got
 *(.rel.got)

.rela.got
 *(.rela.got)

.rel.bss
 *(.rel.bss)

.rela.bss
 *(.rela.bss)

.rel.plt
 *(.rel.plt)

.rela.plt
 *(.rela.plt)

.text           0x00000000     0x35e2
 *(.vectors)
 .vectors       0x00000000       0x54 d:/iti_embedded/imt tools/sdk/imt_sdk_win_64/winavr/bin/../lib/gcc/avr/4.3.3/../../../../avr/lib/avr5/crtm32.o
                0x00000000                __vectors
                0x00000000                __vector_default
 *(.vectors)
 *(.progmem.gcc*)
 *(.progmem*)
                0x00000054                . = ALIGN (0x2)
                0x00000054                __trampolines_start = .
 *(.trampolines)
 .trampolines   0x00000054        0x0 linker stubs
 *(.trampolines*)
                0x00000054                __trampolines_end = .
 *(.jumptables)
 *(.jumptables*)
 *(.lowtext)
 *(.lowtext*)
                0x00000054                __ctors_start = .
 *(.ctors)
                0x00000054                __ctors_end = .
                0x00000054                __dtors_start = .
 *(.dtors)
                0x00000054                __dtors_end = .
 SORT(*)(.ctors)
 SORT(*)(.dtors)
 *(.init0)
 .init0         0x00000054        0x0 d:/iti_embedded/imt tools/sdk/imt_sdk_win_64/winavr/bin/../lib/gcc/avr/4.3.3/../../../../avr/lib/avr5/crtm32.o
                0x00000054                __init
 *(.init0)
 *(.init1)
 *(.init1)
 *(.init2)
 .init2         0x00000054        0xc d:/iti_embedded/imt tools/sdk/imt_sdk_win_64/winavr/bin/../lib/gcc/avr/4.3.3/../../../../avr/lib/avr5/crtm32.o
 *(.init2)
 *(.init3)
 *(.init3)
 *(.init4)
 .init4         0x00000060       0x16 d:/iti_embedded/imt tools/sdk/imt_sdk_win_64/winavr/bin/../lib/gcc/avr/4.3.3/avr5\libgcc.a(_copy_data.o)
                0x00000060                __do_copy_data
 .init4         0x00000076       0x10 d:/iti_embedded/imt tools/sdk/imt_sdk_win_64/winavr/bin/../lib/gcc/avr/4.3.3/avr5\libgcc.a(_clear_bss.o)
                0x00000076                __do_clear_bss
 *(.init4)
 *(.init5)
 *(.init5)
 *(.init6)
 *(.init6)
 *(.init7)
 *(.init7)
 *(.init8)
 *(.init8)
 *(.init9)
 .init9         0x00000086        0x8 d:/iti_embedded/imt tools/sdk/imt_sdk_win_64/winavr/bin/../lib/gcc/avr/4.3.3/../../../../avr/lib/avr5/crtm32.o
 *(.init9)
 *(.text)
 .text          0x0000008e        0x4 d:/iti_embedded/imt tools/sdk/imt_sdk_win_64/winavr/bin/../lib/gcc/avr/4.3.3/../../../../avr/lib/avr5/crtm32.o
                0x0000008e                __vector_1
                0x0000008e                __vector_12
                0x0000008e                __bad_interrupt
                0x0000008e                __vector_6
                0x0000008e                __vector_3
                0x0000008e                __vector_13
                0x0000008e                __vector_17
                0x0000008e                __vector_19
                0x0000008e                __vector_7
                0x0000008e                __vector_9
                0x0000008e                __vector_2
                0x0000008e                __vector_15
                0x0000008e                __vector_8
                0x0000008e                __vector_14
                0x0000008e                __vector_16
                0x0000008e                __vector_18
                0x0000008e                __vector_20
 .text          0x00000092        0x0 ./MCAL/MUART/UART_prog.o
 .text          0x00000092        0x0 ./MCAL/MTIMER2/TIMER2_Program.o
 .text          0x00000092        0x0 ./MCAL/MTIMER1/TIMER1_Program.o
 .text          0x00000092        0x0 ./MCAL/MTIMER0/TIMER0_Program.o
 .text          0x00000092        0x0 ./MCAL/MI2C/I2C_prog.o
 .text          0x00000092        0x0 ./MCAL/MGINT/GINT_Program.o
 .text          0x00000092        0x0 ./MCAL/MDIO/DIO_Program.o
 .text          0x00000092        0x0 ./HAL/HSVM/SM_Program.o
 .text          0x00000092        0x0 ./HAL/HLCD/LCD_Program.o
 .text          0x00000092        0x0 ./HAL/HKP/KP_Program.o
 .text          0x00000092        0x0 ./HAL/EXT_EEPROM/EEPROM_prog.o
 .text          0x00000092        0x0 ./app.o
 .text          0x00000092        0x0 ./main.o
 .text          0x00000092        0x0 d:/iti_embedded/imt tools/sdk/imt_sdk_win_64/winavr/bin/../lib/gcc/avr/4.3.3/avr5\libgcc.a(_udivmodsi4.o)
 .text          0x00000092        0x0 d:/iti_embedded/imt tools/sdk/imt_sdk_win_64/winavr/bin/../lib/gcc/avr/4.3.3/avr5\libgcc.a(_exit.o)
 .text          0x00000092        0x0 d:/iti_embedded/imt tools/sdk/imt_sdk_win_64/winavr/bin/../lib/gcc/avr/4.3.3/avr5\libgcc.a(_copy_data.o)
 .text          0x00000092        0x0 d:/iti_embedded/imt tools/sdk/imt_sdk_win_64/winavr/bin/../lib/gcc/avr/4.3.3/avr5\libgcc.a(_clear_bss.o)
 .text          0x00000092       0x58 d:/iti_embedded/imt tools/sdk/imt_sdk_win_64/winavr/bin/../lib/gcc/avr/4.3.3/avr5\libgcc.a(_fixunssfsi.o)
                0x00000092                __fixunssfsi
 .text          0x000000ea      0x354 d:/iti_embedded/imt tools/sdk/imt_sdk_win_64/winavr/bin/../lib/gcc/avr/4.3.3/avr5\libgcc.a(_addsub_sf.o)
                0x00000382                __subsf3
                0x000003e4                __addsf3
 .text          0x0000043e      0x1f4 d:/iti_embedded/imt tools/sdk/imt_sdk_win_64/winavr/bin/../lib/gcc/avr/4.3.3/avr5\libgcc.a(_mul_sf.o)
                0x0000043e                __mulsf3
 .text          0x00000632      0x158 d:/iti_embedded/imt tools/sdk/imt_sdk_win_64/winavr/bin/../lib/gcc/avr/4.3.3/avr5\libgcc.a(_div_sf.o)
                0x00000632                __divsf3
 .text          0x0000078a       0x60 d:/iti_embedded/imt tools/sdk/imt_sdk_win_64/winavr/bin/../lib/gcc/avr/4.3.3/avr5\libgcc.a(_gt_sf.o)
                0x0000078a                __gtsf2
 .text          0x000007ea       0x60 d:/iti_embedded/imt tools/sdk/imt_sdk_win_64/winavr/bin/../lib/gcc/avr/4.3.3/avr5\libgcc.a(_ge_sf.o)
                0x000007ea                __gesf2
 .text          0x0000084a       0x60 d:/iti_embedded/imt tools/sdk/imt_sdk_win_64/winavr/bin/../lib/gcc/avr/4.3.3/avr5\libgcc.a(_lt_sf.o)
                0x0000084a                __ltsf2
 .text          0x000008aa       0x60 d:/iti_embedded/imt tools/sdk/imt_sdk_win_64/winavr/bin/../lib/gcc/avr/4.3.3/avr5\libgcc.a(_le_sf.o)
                0x000008aa                __lesf2
 .text          0x0000090a       0xa8 d:/iti_embedded/imt tools/sdk/imt_sdk_win_64/winavr/bin/../lib/gcc/avr/4.3.3/avr5\libgcc.a(_sf_to_si.o)
                0x0000090a                __fixsfsi
 .text          0x000009b2        0x0 d:/iti_embedded/imt tools/sdk/imt_sdk_win_64/winavr/bin/../lib/gcc/avr/4.3.3/avr5\libgcc.a(_thenan_sf.o)
 .text          0x000009b2       0xf2 d:/iti_embedded/imt tools/sdk/imt_sdk_win_64/winavr/bin/../lib/gcc/avr/4.3.3/avr5\libgcc.a(_usi_to_sf.o)
                0x000009b2                __floatunsisf
 .text          0x00000aa4        0x0 d:/iti_embedded/imt tools/sdk/imt_sdk_win_64/winavr/bin/../lib/gcc/avr/4.3.3/avr5\libgcc.a(_prologue.o)
 .text          0x00000aa4        0x0 d:/iti_embedded/imt tools/sdk/imt_sdk_win_64/winavr/bin/../lib/gcc/avr/4.3.3/avr5\libgcc.a(_epilogue.o)
 .text          0x00000aa4       0x9e d:/iti_embedded/imt tools/sdk/imt_sdk_win_64/winavr/bin/../lib/gcc/avr/4.3.3/avr5\libgcc.a(_clzsi2.o)
                0x00000aa4                __clzsi2
 .text          0x00000b42      0x1aa d:/iti_embedded/imt tools/sdk/imt_sdk_win_64/winavr/bin/../lib/gcc/avr/4.3.3/avr5\libgcc.a(_pack_sf.o)
                0x00000b42                __pack_f
 .text          0x00000cec       0xf0 d:/iti_embedded/imt tools/sdk/imt_sdk_win_64/winavr/bin/../lib/gcc/avr/4.3.3/avr5\libgcc.a(_unpack_sf.o)
                0x00000cec                __unpack_f
 .text          0x00000ddc       0xb2 d:/iti_embedded/imt tools/sdk/imt_sdk_win_64/winavr/bin/../lib/gcc/avr/4.3.3/avr5\libgcc.a(_fpcmp_parts_sf.o)
                0x00000ddc                __fpcmp_parts_f
 .text          0x00000e8e        0x0 d:/iti_embedded/imt tools/sdk/imt_sdk_win_64/winavr/bin/../lib/gcc/avr/4.3.3/avr5\libgcc.a(_clz.o)
                0x00000e8e                . = ALIGN (0x2)
 *(.text.*)
 .text.MUART_voidUartInit
                0x00000e8e       0x86 ./MCAL/MUART/UART_prog.o
                0x00000e8e                MUART_voidUartInit
 .text.MUART_voidUartSend
                0x00000f14       0x34 ./MCAL/MUART/UART_prog.o
                0x00000f14                MUART_voidUartSend
 .text.MUART_u8UartRecieve
                0x00000f48       0x1e ./MCAL/MUART/UART_prog.o
                0x00000f48                MUART_u8UartRecieve
 .text.MUART_voidUartSendString
                0x00000f66       0x3e ./MCAL/MUART/UART_prog.o
                0x00000f66                MUART_voidUartSendString
 .text.TMR2_VoidInit
                0x00000fa4       0x70 ./MCAL/MTIMER2/TIMER2_Program.o
                0x00000fa4                TMR2_VoidInit
 .text.TMR2_VoidOVFInterruptEnable
                0x00001014       0x1c ./MCAL/MTIMER2/TIMER2_Program.o
                0x00001014                TMR2_VoidOVFInterruptEnable
 .text.TMR2_VoidOCMInterruptEnable
                0x00001030       0x1c ./MCAL/MTIMER2/TIMER2_Program.o
                0x00001030                TMR2_VoidOCMInterruptEnable
 .text.TMR2_VoidOVFInterruptDisable
                0x0000104c       0x1c ./MCAL/MTIMER2/TIMER2_Program.o
                0x0000104c                TMR2_VoidOVFInterruptDisable
 .text.TMR2_VoidOCMInterruptDisable
                0x00001068       0x1c ./MCAL/MTIMER2/TIMER2_Program.o
                0x00001068                TMR2_VoidOCMInterruptDisable
 .text.TMR2_VoidSetPreload
                0x00001084       0x1c ./MCAL/MTIMER2/TIMER2_Program.o
                0x00001084                TMR2_VoidSetPreload
 .text.TMR2_VoidSetOCMValue
                0x000010a0       0x1c ./MCAL/MTIMER2/TIMER2_Program.o
                0x000010a0                TMR2_VoidSetOCMValue
 .text.TMR2_OFV_SetCallBack
                0x000010bc       0x24 ./MCAL/MTIMER2/TIMER2_Program.o
                0x000010bc                TMR2_OFV_SetCallBack
 .text.TMR2_OCM_SetCallBack
                0x000010e0       0x24 ./MCAL/MTIMER2/TIMER2_Program.o
                0x000010e0                TMR2_OCM_SetCallBack
 .text.__vector_5
                0x00001104       0x5a ./MCAL/MTIMER2/TIMER2_Program.o
                0x00001104                __vector_5
 .text.__vector_4
                0x0000115e       0x5a ./MCAL/MTIMER2/TIMER2_Program.o
                0x0000115e                __vector_4
 .text.MTIMER1_voidTimer1Init
                0x000011b8       0xa8 ./MCAL/MTIMER1/TIMER1_Program.o
                0x000011b8                MTIMER1_voidTimer1Init
 .text.MTIMER1_voidSetPreload
                0x00001260       0x24 ./MCAL/MTIMER1/TIMER1_Program.o
                0x00001260                MTIMER1_voidSetPreload
 .text.MTIMER1_voidSetOCR1A
                0x00001284       0x24 ./MCAL/MTIMER1/TIMER1_Program.o
                0x00001284                MTIMER1_voidSetOCR1A
 .text.MTIMER1_voidSetOCR1B
                0x000012a8       0x24 ./MCAL/MTIMER1/TIMER1_Program.o
                0x000012a8                MTIMER1_voidSetOCR1B
 .text.MTIMER1_voidSetICR1
                0x000012cc       0x24 ./MCAL/MTIMER1/TIMER1_Program.o
                0x000012cc                MTIMER1_voidSetICR1
 .text.MTIMER1_voidOvIntEnable
                0x000012f0       0x1c ./MCAL/MTIMER1/TIMER1_Program.o
                0x000012f0                MTIMER1_voidOvIntEnable
 .text.MTIMER1_voidOCR1AIntEnable
                0x0000130c       0x1c ./MCAL/MTIMER1/TIMER1_Program.o
                0x0000130c                MTIMER1_voidOCR1AIntEnable
 .text.MTIMER1_voidOCR1BIntEnable
                0x00001328       0x1c ./MCAL/MTIMER1/TIMER1_Program.o
                0x00001328                MTIMER1_voidOCR1BIntEnable
 .text.MTIMER1_voidICUIntEnable
                0x00001344       0x1c ./MCAL/MTIMER1/TIMER1_Program.o
                0x00001344                MTIMER1_voidICUIntEnable
 .text.MTIMER1_voidOvCallBack
                0x00001360       0x24 ./MCAL/MTIMER1/TIMER1_Program.o
                0x00001360                MTIMER1_voidOvCallBack
 .text.MTIMER1_voidOCR1ACallBack
                0x00001384       0x24 ./MCAL/MTIMER1/TIMER1_Program.o
                0x00001384                MTIMER1_voidOCR1ACallBack
 .text.MTIMER1_voidOCR1BCallBack
                0x000013a8       0x24 ./MCAL/MTIMER1/TIMER1_Program.o
                0x000013a8                MTIMER1_voidOCR1BCallBack
 .text.TMR0_VoidInit
                0x000013cc       0x70 ./MCAL/MTIMER0/TIMER0_Program.o
                0x000013cc                TMR0_VoidInit
 .text.TMR0_VoidOVFInterruptEnable
                0x0000143c       0x1c ./MCAL/MTIMER0/TIMER0_Program.o
                0x0000143c                TMR0_VoidOVFInterruptEnable
 .text.TMR0_VoidOCMInterruptEnable
                0x00001458       0x1c ./MCAL/MTIMER0/TIMER0_Program.o
                0x00001458                TMR0_VoidOCMInterruptEnable
 .text.TMR0_VoidOVFInterruptDisable
                0x00001474       0x1c ./MCAL/MTIMER0/TIMER0_Program.o
                0x00001474                TMR0_VoidOVFInterruptDisable
 .text.TMR0_VoidOCMInterruptDisable
                0x00001490       0x1c ./MCAL/MTIMER0/TIMER0_Program.o
                0x00001490                TMR0_VoidOCMInterruptDisable
 .text.TMR0_VoidSetPreload
                0x000014ac       0x1c ./MCAL/MTIMER0/TIMER0_Program.o
                0x000014ac                TMR0_VoidSetPreload
 .text.TMR0_VoidSetOCMValue
                0x000014c8       0x1c ./MCAL/MTIMER0/TIMER0_Program.o
                0x000014c8                TMR0_VoidSetOCMValue
 .text.TMR0_OFV_SetCallBack
                0x000014e4       0x24 ./MCAL/MTIMER0/TIMER0_Program.o
                0x000014e4                TMR0_OFV_SetCallBack
 .text.TMR0_OCM_SetCallBack
                0x00001508       0x24 ./MCAL/MTIMER0/TIMER0_Program.o
                0x00001508                TMR0_OCM_SetCallBack
 .text.__vector_11
                0x0000152c       0x5a ./MCAL/MTIMER0/TIMER0_Program.o
                0x0000152c                __vector_11
 .text.__vector_10
                0x00001586       0x5a ./MCAL/MTIMER0/TIMER0_Program.o
                0x00001586                __vector_10
 .text.MTWI_voidMasterInt
                0x000015e0       0x88 ./MCAL/MI2C/I2C_prog.o
                0x000015e0                MTWI_voidMasterInt
 .text.MTWI_voidMasterSendStartCondition
                0x00001668      0x13c ./MCAL/MI2C/I2C_prog.o
                0x00001668                MTWI_voidMasterSendStartCondition
 .text.MTWI_voidMasterSendRepetedStartCondition
                0x000017a4      0x13c ./MCAL/MI2C/I2C_prog.o
                0x000017a4                MTWI_voidMasterSendRepetedStartCondition
 .text.MTWI_voidMasterSendAddress
                0x000018e0       0x4e ./MCAL/MI2C/I2C_prog.o
                0x000018e0                MTWI_voidMasterSendAddress
 .text.MTWI_voidMasterSendAddressToRead
                0x0000192e       0x4e ./MCAL/MI2C/I2C_prog.o
                0x0000192e                MTWI_voidMasterSendAddressToRead
 .text.MTWI_voidMasterSendData
                0x0000197c       0x4e ./MCAL/MI2C/I2C_prog.o
                0x0000197c                MTWI_voidMasterSendData
 .text.MTWI_voidMasterReadData
                0x000019ca       0x46 ./MCAL/MI2C/I2C_prog.o
                0x000019ca                MTWI_voidMasterReadData
 .text.MTWI_voidMasterReadDataWithNACK
                0x00001a10       0x46 ./MCAL/MI2C/I2C_prog.o
                0x00001a10                MTWI_voidMasterReadDataWithNACK
 .text.MTWI_voidMasterSendStopCondition
                0x00001a56       0x16 ./MCAL/MI2C/I2C_prog.o
                0x00001a56                MTWI_voidMasterSendStopCondition
 .text.MTWI_voidSlaveSetAddress
                0x00001a6c       0x1c ./MCAL/MI2C/I2C_prog.o
                0x00001a6c                MTWI_voidSlaveSetAddress
 .text.MTWI_voidSlaveReadData
                0x00001a88       0x78 ./MCAL/MI2C/I2C_prog.o
                0x00001a88                MTWI_voidSlaveReadData
 .text.MGINT_voidGlobalIntEnable
                0x00001b00       0x1c ./MCAL/MGINT/GINT_Program.o
                0x00001b00                MGINT_voidGlobalIntEnable
 .text.MGINT_voidGlobalIntDisable
                0x00001b1c       0x1c ./MCAL/MGINT/GINT_Program.o
                0x00001b1c                MGINT_voidGlobalIntDisable
 .text.MDIO_void_SetDir
                0x00001b38      0x200 ./MCAL/MDIO/DIO_Program.o
                0x00001b38                MDIO_void_SetDir
 .text.MDIO_void_PinWrite
                0x00001d38      0x200 ./MCAL/MDIO/DIO_Program.o
                0x00001d38                MDIO_void_PinWrite
 .text.MDIO_u8_PinRead
                0x00001f38      0x156 ./MCAL/MDIO/DIO_Program.o
                0x00001f38                MDIO_u8_PinRead
 .text.MDIO_void_PinToggle
                0x0000208e       0xfa ./MCAL/MDIO/DIO_Program.o
                0x0000208e                MDIO_void_PinToggle
 .text.MDIO_void_PortSetDir
                0x00002188       0x82 ./MCAL/MDIO/DIO_Program.o
                0x00002188                MDIO_void_PortSetDir
 .text.MDIO_void_PortWrite
                0x0000220a       0x82 ./MCAL/MDIO/DIO_Program.o
                0x0000220a                MDIO_void_PortWrite
 .text.MDIO_u8_PortRead
                0x0000228c       0x82 ./MCAL/MDIO/DIO_Program.o
                0x0000228c                MDIO_u8_PortRead
 .text.MDIO_void_PortWriteHigh
                0x0000230e       0x28 ./MCAL/MDIO/DIO_Program.o
                0x0000230e                MDIO_void_PortWriteHigh
 .text.HServoMotor
                0x00002336      0x17e ./HAL/HSVM/SM_Program.o
                0x00002336                HServoMotor
 .text.HLCD_voidInit
                0x000024b4      0x4e4 ./HAL/HLCD/LCD_Program.o
                0x000024b4                HLCD_voidInit
 .text.HLCD_voidSendData
                0x00002998      0x162 ./HAL/HLCD/LCD_Program.o
                0x00002998                HLCD_voidSendData
 .text.HLCD_voidSendCom
                0x00002afa      0x162 ./HAL/HLCD/LCD_Program.o
                0x00002afa                HLCD_voidSendCom
 .text.HLCD_voidSendString
                0x00002c5c       0x46 ./HAL/HLCD/LCD_Program.o
                0x00002c5c                HLCD_voidSendString
 .text.HLCD_voidSetCursor_DDRAM
                0x00002ca2       0x54 ./HAL/HLCD/LCD_Program.o
                0x00002ca2                HLCD_voidSetCursor_DDRAM
 .text.HLCD_voidSendSpecial
                0x00002cf6       0x76 ./HAL/HLCD/LCD_Program.o
                0x00002cf6                HLCD_voidSendSpecial
 .text.HKP_voidKpInit
                0x00002d6c       0x1e ./HAL/HKP/KP_Program.o
                0x00002d6c                HKP_voidKpInit
 .text.HKP_u8GetPressedValue
                0x00002d8a      0x18e ./HAL/HKP/KP_Program.o
                0x00002d8a                HKP_u8GetPressedValue
 .text.HEEPROM_voidInit
                0x00002f18       0x32 ./HAL/EXT_EEPROM/EEPROM_prog.o
                0x00002f18                HEEPROM_voidInit
 .text.HEEPROM_voidWriteByte
                0x00002f4a       0x48 ./HAL/EXT_EEPROM/EEPROM_prog.o
                0x00002f4a                HEEPROM_voidWriteByte
 .text.HEEPROM_u8ReadByte
                0x00002f92       0x60 ./HAL/EXT_EEPROM/EEPROM_prog.o
                0x00002f92                HEEPROM_u8ReadByte
 .text.E2PROMStorePass
                0x00002ff2       0x6a ./app.o
                0x00002ff2                E2PROMStorePass
 .text.CheckPass
                0x0000305c      0x26a ./app.o
                0x0000305c                CheckPass
 .text.test     0x000032c6       0x7c ./app.o
                0x000032c6                test
 .text.Time_Count_ClrScreen
                0x00003342       0x80 ./app.o
                0x00003342                Time_Count_ClrScreen
 .text.Time_Count_SVMReturn
                0x000033c2       0x74 ./app.o
                0x000033c2                Time_Count_SVMReturn
 .text.Time_Count_RedLedToggle
                0x00003436       0x70 ./app.o
                0x00003436                Time_Count_RedLedToggle
 .text.Time_Count_GreenLedToggle
                0x000034a6       0x70 ./app.o
                0x000034a6                Time_Count_GreenLedToggle
 .text.main     0x00003516       0x16 ./main.o
                0x00003516                main
 .text.libgcc   0x0000352c       0x44 d:/iti_embedded/imt tools/sdk/imt_sdk_win_64/winavr/bin/../lib/gcc/avr/4.3.3/avr5\libgcc.a(_udivmodsi4.o)
                0x0000352c                __udivmodsi4
 .text.libgcc   0x00003570        0x0 d:/iti_embedded/imt tools/sdk/imt_sdk_win_64/winavr/bin/../lib/gcc/avr/4.3.3/avr5\libgcc.a(_exit.o)
 .text.libgcc   0x00003570        0x0 d:/iti_embedded/imt tools/sdk/imt_sdk_win_64/winavr/bin/../lib/gcc/avr/4.3.3/avr5\libgcc.a(_copy_data.o)
 .text.libgcc   0x00003570        0x0 d:/iti_embedded/imt tools/sdk/imt_sdk_win_64/winavr/bin/../lib/gcc/avr/4.3.3/avr5\libgcc.a(_clear_bss.o)
 .text.libgcc   0x00003570       0x38 d:/iti_embedded/imt tools/sdk/imt_sdk_win_64/winavr/bin/../lib/gcc/avr/4.3.3/avr5\libgcc.a(_prologue.o)
                0x00003570                __prologue_saves__
 .text.libgcc   0x000035a8       0x36 d:/iti_embedded/imt tools/sdk/imt_sdk_win_64/winavr/bin/../lib/gcc/avr/4.3.3/avr5\libgcc.a(_epilogue.o)
                0x000035a8                __epilogue_restores__
                0x000035de                . = ALIGN (0x2)
 *(.fini9)
 .fini9         0x000035de        0x0 d:/iti_embedded/imt tools/sdk/imt_sdk_win_64/winavr/bin/../lib/gcc/avr/4.3.3/avr5\libgcc.a(_exit.o)
                0x000035de                exit
                0x000035de                _exit
 *(.fini9)
 *(.fini8)
 *(.fini8)
 *(.fini7)
 *(.fini7)
 *(.fini6)
 *(.fini6)
 *(.fini5)
 *(.fini5)
 *(.fini4)
 *(.fini4)
 *(.fini3)
 *(.fini3)
 *(.fini2)
 *(.fini2)
 *(.fini1)
 *(.fini1)
 *(.fini0)
 .fini0         0x000035de        0x4 d:/iti_embedded/imt tools/sdk/imt_sdk_win_64/winavr/bin/../lib/gcc/avr/4.3.3/avr5\libgcc.a(_exit.o)
 *(.fini0)
                0x000035e2                _etext = .

.data           0x00800060      0x13c load address 0x000035e2
                0x00800060                PROVIDE (__data_start, .)
 *(.data)
 .data          0x00800060        0x0 d:/iti_embedded/imt tools/sdk/imt_sdk_win_64/winavr/bin/../lib/gcc/avr/4.3.3/../../../../avr/lib/avr5/crtm32.o
 .data          0x00800060        0x0 ./MCAL/MUART/UART_prog.o
 .data          0x00800060        0x0 ./MCAL/MTIMER2/TIMER2_Program.o
 .data          0x00800060        0x0 ./MCAL/MTIMER1/TIMER1_Program.o
 .data          0x00800060        0x0 ./MCAL/MTIMER0/TIMER0_Program.o
 .data          0x00800060        0x0 ./MCAL/MI2C/I2C_prog.o
 .data          0x00800060        0x0 ./MCAL/MGINT/GINT_Program.o
 .data          0x00800060        0x0 ./MCAL/MDIO/DIO_Program.o
 .data          0x00800060        0x0 ./HAL/HSVM/SM_Program.o
 .data          0x00800060        0x0 ./HAL/HLCD/LCD_Program.o
 .data          0x00800060        0x0 ./HAL/HKP/KP_Program.o
 .data          0x00800060        0x0 ./HAL/EXT_EEPROM/EEPROM_prog.o
 .data          0x00800060       0x23 ./app.o
 .data          0x00800083        0x0 ./main.o
 .data          0x00800083        0x0 d:/iti_embedded/imt tools/sdk/imt_sdk_win_64/winavr/bin/../lib/gcc/avr/4.3.3/avr5\libgcc.a(_udivmodsi4.o)
 .data          0x00800083        0x0 d:/iti_embedded/imt tools/sdk/imt_sdk_win_64/winavr/bin/../lib/gcc/avr/4.3.3/avr5\libgcc.a(_exit.o)
 .data          0x00800083        0x0 d:/iti_embedded/imt tools/sdk/imt_sdk_win_64/winavr/bin/../lib/gcc/avr/4.3.3/avr5\libgcc.a(_copy_data.o)
 .data          0x00800083        0x0 d:/iti_embedded/imt tools/sdk/imt_sdk_win_64/winavr/bin/../lib/gcc/avr/4.3.3/avr5\libgcc.a(_clear_bss.o)
 .data          0x00800083        0x0 d:/iti_embedded/imt tools/sdk/imt_sdk_win_64/winavr/bin/../lib/gcc/avr/4.3.3/avr5\libgcc.a(_fixunssfsi.o)
 .data          0x00800083        0x0 d:/iti_embedded/imt tools/sdk/imt_sdk_win_64/winavr/bin/../lib/gcc/avr/4.3.3/avr5\libgcc.a(_addsub_sf.o)
 .data          0x00800083        0x0 d:/iti_embedded/imt tools/sdk/imt_sdk_win_64/winavr/bin/../lib/gcc/avr/4.3.3/avr5\libgcc.a(_mul_sf.o)
 .data          0x00800083        0x0 d:/iti_embedded/imt tools/sdk/imt_sdk_win_64/winavr/bin/../lib/gcc/avr/4.3.3/avr5\libgcc.a(_div_sf.o)
 .data          0x00800083        0x0 d:/iti_embedded/imt tools/sdk/imt_sdk_win_64/winavr/bin/../lib/gcc/avr/4.3.3/avr5\libgcc.a(_gt_sf.o)
 .data          0x00800083        0x0 d:/iti_embedded/imt tools/sdk/imt_sdk_win_64/winavr/bin/../lib/gcc/avr/4.3.3/avr5\libgcc.a(_ge_sf.o)
 .data          0x00800083        0x0 d:/iti_embedded/imt tools/sdk/imt_sdk_win_64/winavr/bin/../lib/gcc/avr/4.3.3/avr5\libgcc.a(_lt_sf.o)
 .data          0x00800083        0x0 d:/iti_embedded/imt tools/sdk/imt_sdk_win_64/winavr/bin/../lib/gcc/avr/4.3.3/avr5\libgcc.a(_le_sf.o)
 .data          0x00800083        0x0 d:/iti_embedded/imt tools/sdk/imt_sdk_win_64/winavr/bin/../lib/gcc/avr/4.3.3/avr5\libgcc.a(_sf_to_si.o)
 .data          0x00800083        0x8 d:/iti_embedded/imt tools/sdk/imt_sdk_win_64/winavr/bin/../lib/gcc/avr/4.3.3/avr5\libgcc.a(_thenan_sf.o)
                0x00800083                __thenan_sf
 .data          0x0080008b        0x0 d:/iti_embedded/imt tools/sdk/imt_sdk_win_64/winavr/bin/../lib/gcc/avr/4.3.3/avr5\libgcc.a(_usi_to_sf.o)
 .data          0x0080008b        0x0 d:/iti_embedded/imt tools/sdk/imt_sdk_win_64/winavr/bin/../lib/gcc/avr/4.3.3/avr5\libgcc.a(_prologue.o)
 .data          0x0080008b        0x0 d:/iti_embedded/imt tools/sdk/imt_sdk_win_64/winavr/bin/../lib/gcc/avr/4.3.3/avr5\libgcc.a(_epilogue.o)
 .data          0x0080008b        0x0 d:/iti_embedded/imt tools/sdk/imt_sdk_win_64/winavr/bin/../lib/gcc/avr/4.3.3/avr5\libgcc.a(_clzsi2.o)
 .data          0x0080008b        0x0 d:/iti_embedded/imt tools/sdk/imt_sdk_win_64/winavr/bin/../lib/gcc/avr/4.3.3/avr5\libgcc.a(_pack_sf.o)
 .data          0x0080008b        0x0 d:/iti_embedded/imt tools/sdk/imt_sdk_win_64/winavr/bin/../lib/gcc/avr/4.3.3/avr5\libgcc.a(_unpack_sf.o)
 .data          0x0080008b        0x0 d:/iti_embedded/imt tools/sdk/imt_sdk_win_64/winavr/bin/../lib/gcc/avr/4.3.3/avr5\libgcc.a(_fpcmp_parts_sf.o)
 .data          0x0080008b      0x100 d:/iti_embedded/imt tools/sdk/imt_sdk_win_64/winavr/bin/../lib/gcc/avr/4.3.3/avr5\libgcc.a(_clz.o)
                0x0080008b                __clz_tab
 *(.data*)
 .data.G_u8PressedValue
                0x0080018b        0x1 ./HAL/HKP/KP_Program.o
                0x0080018b                G_u8PressedValue
 .data.G_u8KpChars
                0x0080018c       0x10 ./HAL/HKP/KP_Program.o
                0x0080018c                G_u8KpChars
 *(.rodata)
 *(.rodata*)
 *(.gnu.linkonce.d*)
                0x0080019c                . = ALIGN (0x2)
                0x0080019c                _edata = .
                0x0080019c                PROVIDE (__data_end, .)

.bss            0x0080019c       0x1e
                0x0080019c                PROVIDE (__bss_start, .)
 *(.bss)
 .bss           0x0080019c        0x0 d:/iti_embedded/imt tools/sdk/imt_sdk_win_64/winavr/bin/../lib/gcc/avr/4.3.3/../../../../avr/lib/avr5/crtm32.o
 .bss           0x0080019c        0x0 ./MCAL/MUART/UART_prog.o
 .bss           0x0080019c        0x0 ./MCAL/MTIMER2/TIMER2_Program.o
 .bss           0x0080019c        0x0 ./MCAL/MTIMER1/TIMER1_Program.o
 .bss           0x0080019c        0x0 ./MCAL/MTIMER0/TIMER0_Program.o
 .bss           0x0080019c        0x0 ./MCAL/MI2C/I2C_prog.o
 .bss           0x0080019c        0x0 ./MCAL/MGINT/GINT_Program.o
 .bss           0x0080019c        0x0 ./MCAL/MDIO/DIO_Program.o
 .bss           0x0080019c        0x0 ./HAL/HSVM/SM_Program.o
 .bss           0x0080019c        0x0 ./HAL/HLCD/LCD_Program.o
 .bss           0x0080019c        0x0 ./HAL/HKP/KP_Program.o
 .bss           0x0080019c        0x0 ./HAL/EXT_EEPROM/EEPROM_prog.o
 .bss           0x0080019c        0x0 ./app.o
 .bss           0x0080019c        0x0 ./main.o
 .bss           0x0080019c        0x0 d:/iti_embedded/imt tools/sdk/imt_sdk_win_64/winavr/bin/../lib/gcc/avr/4.3.3/avr5\libgcc.a(_udivmodsi4.o)
 .bss           0x0080019c        0x0 d:/iti_embedded/imt tools/sdk/imt_sdk_win_64/winavr/bin/../lib/gcc/avr/4.3.3/avr5\libgcc.a(_exit.o)
 .bss           0x0080019c        0x0 d:/iti_embedded/imt tools/sdk/imt_sdk_win_64/winavr/bin/../lib/gcc/avr/4.3.3/avr5\libgcc.a(_copy_data.o)
 .bss           0x0080019c        0x0 d:/iti_embedded/imt tools/sdk/imt_sdk_win_64/winavr/bin/../lib/gcc/avr/4.3.3/avr5\libgcc.a(_clear_bss.o)
 .bss           0x0080019c        0x0 d:/iti_embedded/imt tools/sdk/imt_sdk_win_64/winavr/bin/../lib/gcc/avr/4.3.3/avr5\libgcc.a(_fixunssfsi.o)
 .bss           0x0080019c        0x0 d:/iti_embedded/imt tools/sdk/imt_sdk_win_64/winavr/bin/../lib/gcc/avr/4.3.3/avr5\libgcc.a(_addsub_sf.o)
 .bss           0x0080019c        0x0 d:/iti_embedded/imt tools/sdk/imt_sdk_win_64/winavr/bin/../lib/gcc/avr/4.3.3/avr5\libgcc.a(_mul_sf.o)
 .bss           0x0080019c        0x0 d:/iti_embedded/imt tools/sdk/imt_sdk_win_64/winavr/bin/../lib/gcc/avr/4.3.3/avr5\libgcc.a(_div_sf.o)
 .bss           0x0080019c        0x0 d:/iti_embedded/imt tools/sdk/imt_sdk_win_64/winavr/bin/../lib/gcc/avr/4.3.3/avr5\libgcc.a(_gt_sf.o)
 .bss           0x0080019c        0x0 d:/iti_embedded/imt tools/sdk/imt_sdk_win_64/winavr/bin/../lib/gcc/avr/4.3.3/avr5\libgcc.a(_ge_sf.o)
 .bss           0x0080019c        0x0 d:/iti_embedded/imt tools/sdk/imt_sdk_win_64/winavr/bin/../lib/gcc/avr/4.3.3/avr5\libgcc.a(_lt_sf.o)
 .bss           0x0080019c        0x0 d:/iti_embedded/imt tools/sdk/imt_sdk_win_64/winavr/bin/../lib/gcc/avr/4.3.3/avr5\libgcc.a(_le_sf.o)
 .bss           0x0080019c        0x0 d:/iti_embedded/imt tools/sdk/imt_sdk_win_64/winavr/bin/../lib/gcc/avr/4.3.3/avr5\libgcc.a(_sf_to_si.o)
 .bss           0x0080019c        0x0 d:/iti_embedded/imt tools/sdk/imt_sdk_win_64/winavr/bin/../lib/gcc/avr/4.3.3/avr5\libgcc.a(_thenan_sf.o)
 .bss           0x0080019c        0x0 d:/iti_embedded/imt tools/sdk/imt_sdk_win_64/winavr/bin/../lib/gcc/avr/4.3.3/avr5\libgcc.a(_usi_to_sf.o)
 .bss           0x0080019c        0x0 d:/iti_embedded/imt tools/sdk/imt_sdk_win_64/winavr/bin/../lib/gcc/avr/4.3.3/avr5\libgcc.a(_prologue.o)
 .bss           0x0080019c        0x0 d:/iti_embedded/imt tools/sdk/imt_sdk_win_64/winavr/bin/../lib/gcc/avr/4.3.3/avr5\libgcc.a(_epilogue.o)
 .bss           0x0080019c        0x0 d:/iti_embedded/imt tools/sdk/imt_sdk_win_64/winavr/bin/../lib/gcc/avr/4.3.3/avr5\libgcc.a(_clzsi2.o)
 .bss           0x0080019c        0x0 d:/iti_embedded/imt tools/sdk/imt_sdk_win_64/winavr/bin/../lib/gcc/avr/4.3.3/avr5\libgcc.a(_pack_sf.o)
 .bss           0x0080019c        0x0 d:/iti_embedded/imt tools/sdk/imt_sdk_win_64/winavr/bin/../lib/gcc/avr/4.3.3/avr5\libgcc.a(_unpack_sf.o)
 .bss           0x0080019c        0x0 d:/iti_embedded/imt tools/sdk/imt_sdk_win_64/winavr/bin/../lib/gcc/avr/4.3.3/avr5\libgcc.a(_fpcmp_parts_sf.o)
 .bss           0x0080019c        0x0 d:/iti_embedded/imt tools/sdk/imt_sdk_win_64/winavr/bin/../lib/gcc/avr/4.3.3/avr5\libgcc.a(_clz.o)
 *(.bss*)
 .bss.GP_OvfCallBack
                0x0080019c        0x2 ./MCAL/MTIMER2/TIMER2_Program.o
 .bss.GP_OCMCallBack
                0x0080019e        0x2 ./MCAL/MTIMER2/TIMER2_Program.o
 .bss.GP_OvfCallBack
                0x008001a0        0x2 ./MCAL/MTIMER0/TIMER0_Program.o
 .bss.GP_OCMCallBack
                0x008001a2        0x2 ./MCAL/MTIMER0/TIMER0_Program.o
 .bss.L_u32Counter.1499
                0x008001a4        0x4 ./app.o
 .bss.L_u32Counter.1508
                0x008001a8        0x4 ./app.o
 .bss.L_u32Counter.1517
                0x008001ac        0x4 ./app.o
 .bss.L_u32Counter.1526
                0x008001b0        0x4 ./app.o
 *(COMMON)
 COMMON         0x008001b4        0x6 ./MCAL/MTIMER1/TIMER1_Program.o
                0x008001b4                GP_CM1ACallback
                0x008001b6                GP_OvCallback
                0x008001b8                GP_CM1BCallback
                0x008001ba                PROVIDE (__bss_end, .)
                0x000035e2                __data_load_start = LOADADDR (.data)
                0x0000371e                __data_load_end = (__data_load_start + SIZEOF (.data))

.noinit         0x008001ba        0x0
                0x008001ba                PROVIDE (__noinit_start, .)
 *(.noinit*)
                0x008001ba                PROVIDE (__noinit_end, .)
                0x008001ba                _end = .
                0x008001ba                PROVIDE (__heap_start, .)

.eeprom         0x00810000        0x0
 *(.eeprom*)
                0x00810000                __eeprom_end = .

.fuse
 *(.fuse)
 *(.lfuse)
 *(.hfuse)
 *(.efuse)

.lock
 *(.lock*)

.signature
 *(.signature*)

.stab           0x00000000     0x3cc0
 *(.stab)
 .stab          0x00000000      0x51c ./MCAL/MUART/UART_prog.o
 .stab          0x0000051c      0x3fc ./MCAL/MTIMER2/TIMER2_Program.o
                                0x408 (size before relaxing)
 .stab          0x00000918      0x48c ./MCAL/MTIMER1/TIMER1_Program.o
                                0x498 (size before relaxing)
 .stab          0x00000da4      0x3fc ./MCAL/MTIMER0/TIMER0_Program.o
                                0x408 (size before relaxing)
 .stab          0x000011a0      0x684 ./MCAL/MI2C/I2C_prog.o
                                0x81c (size before relaxing)
 .stab          0x00001824      0x1bc ./MCAL/MGINT/GINT_Program.o
                                0x1c8 (size before relaxing)
 .stab          0x000019e0      0x600 ./MCAL/MDIO/DIO_Program.o
                                0x60c (size before relaxing)
 .stab          0x00001fe0      0x1f8 ./HAL/HSVM/SM_Program.o
                                0x204 (size before relaxing)
 .stab          0x000021d8      0x9f0 ./HAL/HLCD/LCD_Program.o
                                0xb88 (size before relaxing)
 .stab          0x00002bc8      0x354 ./HAL/HKP/KP_Program.o
                                0x4ec (size before relaxing)
 .stab          0x00002f1c      0x318 ./HAL/EXT_EEPROM/EEPROM_prog.o
                                0x324 (size before relaxing)
 .stab          0x00003234      0x93c ./app.o
                                0xad4 (size before relaxing)
 .stab          0x00003b70      0x150 ./main.o
                                0x36c (size before relaxing)

.stabstr        0x00000000     0x19a7
 *(.stabstr)
 .stabstr       0x00000000     0x19a7 ./MCAL/MUART/UART_prog.o

.stab.excl
 *(.stab.excl)

.stab.exclstr
 *(.stab.exclstr)

.stab.index
 *(.stab.index)

.stab.indexstr
 *(.stab.indexstr)

.comment
 *(.comment)

.debug
 *(.debug)

.line
 *(.line)

.debug_srcinfo
 *(.debug_srcinfo)

.debug_sfnames
 *(.debug_sfnames)

.debug_aranges  0x00000000      0x1c0
 *(.debug_aranges)
 .debug_aranges
                0x00000000       0x20 d:/iti_embedded/imt tools/sdk/imt_sdk_win_64/winavr/bin/../lib/gcc/avr/4.3.3/avr5\libgcc.a(_fixunssfsi.o)
 .debug_aranges
                0x00000020       0x20 d:/iti_embedded/imt tools/sdk/imt_sdk_win_64/winavr/bin/../lib/gcc/avr/4.3.3/avr5\libgcc.a(_addsub_sf.o)
 .debug_aranges
                0x00000040       0x20 d:/iti_embedded/imt tools/sdk/imt_sdk_win_64/winavr/bin/../lib/gcc/avr/4.3.3/avr5\libgcc.a(_mul_sf.o)
 .debug_aranges
                0x00000060       0x20 d:/iti_embedded/imt tools/sdk/imt_sdk_win_64/winavr/bin/../lib/gcc/avr/4.3.3/avr5\libgcc.a(_div_sf.o)
 .debug_aranges
                0x00000080       0x20 d:/iti_embedded/imt tools/sdk/imt_sdk_win_64/winavr/bin/../lib/gcc/avr/4.3.3/avr5\libgcc.a(_gt_sf.o)
 .debug_aranges
                0x000000a0       0x20 d:/iti_embedded/imt tools/sdk/imt_sdk_win_64/winavr/bin/../lib/gcc/avr/4.3.3/avr5\libgcc.a(_ge_sf.o)
 .debug_aranges
                0x000000c0       0x20 d:/iti_embedded/imt tools/sdk/imt_sdk_win_64/winavr/bin/../lib/gcc/avr/4.3.3/avr5\libgcc.a(_lt_sf.o)
 .debug_aranges
                0x000000e0       0x20 d:/iti_embedded/imt tools/sdk/imt_sdk_win_64/winavr/bin/../lib/gcc/avr/4.3.3/avr5\libgcc.a(_le_sf.o)
 .debug_aranges
                0x00000100       0x20 d:/iti_embedded/imt tools/sdk/imt_sdk_win_64/winavr/bin/../lib/gcc/avr/4.3.3/avr5\libgcc.a(_sf_to_si.o)
 .debug_aranges
                0x00000120       0x20 d:/iti_embedded/imt tools/sdk/imt_sdk_win_64/winavr/bin/../lib/gcc/avr/4.3.3/avr5\libgcc.a(_usi_to_sf.o)
 .debug_aranges
                0x00000140       0x20 d:/iti_embedded/imt tools/sdk/imt_sdk_win_64/winavr/bin/../lib/gcc/avr/4.3.3/avr5\libgcc.a(_clzsi2.o)
 .debug_aranges
                0x00000160       0x20 d:/iti_embedded/imt tools/sdk/imt_sdk_win_64/winavr/bin/../lib/gcc/avr/4.3.3/avr5\libgcc.a(_pack_sf.o)
 .debug_aranges
                0x00000180       0x20 d:/iti_embedded/imt tools/sdk/imt_sdk_win_64/winavr/bin/../lib/gcc/avr/4.3.3/avr5\libgcc.a(_unpack_sf.o)
 .debug_aranges
                0x000001a0       0x20 d:/iti_embedded/imt tools/sdk/imt_sdk_win_64/winavr/bin/../lib/gcc/avr/4.3.3/avr5\libgcc.a(_fpcmp_parts_sf.o)

.debug_pubnames
                0x00000000      0x210
 *(.debug_pubnames)
 .debug_pubnames
                0x00000000       0x23 d:/iti_embedded/imt tools/sdk/imt_sdk_win_64/winavr/bin/../lib/gcc/avr/4.3.3/avr5\libgcc.a(_fixunssfsi.o)
 .debug_pubnames
                0x00000023       0x2c d:/iti_embedded/imt tools/sdk/imt_sdk_win_64/winavr/bin/../lib/gcc/avr/4.3.3/avr5\libgcc.a(_addsub_sf.o)
 .debug_pubnames
                0x0000004f       0x1f d:/iti_embedded/imt tools/sdk/imt_sdk_win_64/winavr/bin/../lib/gcc/avr/4.3.3/avr5\libgcc.a(_mul_sf.o)
 .debug_pubnames
                0x0000006e       0x1f d:/iti_embedded/imt tools/sdk/imt_sdk_win_64/winavr/bin/../lib/gcc/avr/4.3.3/avr5\libgcc.a(_div_sf.o)
 .debug_pubnames
                0x0000008d       0x1e d:/iti_embedded/imt tools/sdk/imt_sdk_win_64/winavr/bin/../lib/gcc/avr/4.3.3/avr5\libgcc.a(_gt_sf.o)
 .debug_pubnames
                0x000000ab       0x1e d:/iti_embedded/imt tools/sdk/imt_sdk_win_64/winavr/bin/../lib/gcc/avr/4.3.3/avr5\libgcc.a(_ge_sf.o)
 .debug_pubnames
                0x000000c9       0x1e d:/iti_embedded/imt tools/sdk/imt_sdk_win_64/winavr/bin/../lib/gcc/avr/4.3.3/avr5\libgcc.a(_lt_sf.o)
 .debug_pubnames
                0x000000e7       0x1e d:/iti_embedded/imt tools/sdk/imt_sdk_win_64/winavr/bin/../lib/gcc/avr/4.3.3/avr5\libgcc.a(_le_sf.o)
 .debug_pubnames
                0x00000105       0x20 d:/iti_embedded/imt tools/sdk/imt_sdk_win_64/winavr/bin/../lib/gcc/avr/4.3.3/avr5\libgcc.a(_sf_to_si.o)
 .debug_pubnames
                0x00000125       0x22 d:/iti_embedded/imt tools/sdk/imt_sdk_win_64/winavr/bin/../lib/gcc/avr/4.3.3/avr5\libgcc.a(_thenan_sf.o)
 .debug_pubnames
                0x00000147       0x24 d:/iti_embedded/imt tools/sdk/imt_sdk_win_64/winavr/bin/../lib/gcc/avr/4.3.3/avr5\libgcc.a(_usi_to_sf.o)
 .debug_pubnames
                0x0000016b       0x1f d:/iti_embedded/imt tools/sdk/imt_sdk_win_64/winavr/bin/../lib/gcc/avr/4.3.3/avr5\libgcc.a(_clzsi2.o)
 .debug_pubnames
                0x0000018a       0x1f d:/iti_embedded/imt tools/sdk/imt_sdk_win_64/winavr/bin/../lib/gcc/avr/4.3.3/avr5\libgcc.a(_pack_sf.o)
 .debug_pubnames
                0x000001a9       0x21 d:/iti_embedded/imt tools/sdk/imt_sdk_win_64/winavr/bin/../lib/gcc/avr/4.3.3/avr5\libgcc.a(_unpack_sf.o)
 .debug_pubnames
                0x000001ca       0x26 d:/iti_embedded/imt tools/sdk/imt_sdk_win_64/winavr/bin/../lib/gcc/avr/4.3.3/avr5\libgcc.a(_fpcmp_parts_sf.o)
 .debug_pubnames
                0x000001f0       0x20 d:/iti_embedded/imt tools/sdk/imt_sdk_win_64/winavr/bin/../lib/gcc/avr/4.3.3/avr5\libgcc.a(_clz.o)

.debug_info     0x00000000     0x268a
 *(.debug_info)
 .debug_info    0x00000000       0xb1 d:/iti_embedded/imt tools/sdk/imt_sdk_win_64/winavr/bin/../lib/gcc/avr/4.3.3/avr5\libgcc.a(_fixunssfsi.o)
 .debug_info    0x000000b1      0x47a d:/iti_embedded/imt tools/sdk/imt_sdk_win_64/winavr/bin/../lib/gcc/avr/4.3.3/avr5\libgcc.a(_addsub_sf.o)
 .debug_info    0x0000052b      0x485 d:/iti_embedded/imt tools/sdk/imt_sdk_win_64/winavr/bin/../lib/gcc/avr/4.3.3/avr5\libgcc.a(_mul_sf.o)
 .debug_info    0x000009b0      0x3fc d:/iti_embedded/imt tools/sdk/imt_sdk_win_64/winavr/bin/../lib/gcc/avr/4.3.3/avr5\libgcc.a(_div_sf.o)
 .debug_info    0x00000dac      0x27f d:/iti_embedded/imt tools/sdk/imt_sdk_win_64/winavr/bin/../lib/gcc/avr/4.3.3/avr5\libgcc.a(_gt_sf.o)
 .debug_info    0x0000102b      0x27f d:/iti_embedded/imt tools/sdk/imt_sdk_win_64/winavr/bin/../lib/gcc/avr/4.3.3/avr5\libgcc.a(_ge_sf.o)
 .debug_info    0x000012aa      0x27f d:/iti_embedded/imt tools/sdk/imt_sdk_win_64/winavr/bin/../lib/gcc/avr/4.3.3/avr5\libgcc.a(_lt_sf.o)
 .debug_info    0x00001529      0x27f d:/iti_embedded/imt tools/sdk/imt_sdk_win_64/winavr/bin/../lib/gcc/avr/4.3.3/avr5\libgcc.a(_le_sf.o)
 .debug_info    0x000017a8      0x2b0 d:/iti_embedded/imt tools/sdk/imt_sdk_win_64/winavr/bin/../lib/gcc/avr/4.3.3/avr5\libgcc.a(_sf_to_si.o)
 .debug_info    0x00001a58      0x12c d:/iti_embedded/imt tools/sdk/imt_sdk_win_64/winavr/bin/../lib/gcc/avr/4.3.3/avr5\libgcc.a(_thenan_sf.o)
 .debug_info    0x00001b84      0x206 d:/iti_embedded/imt tools/sdk/imt_sdk_win_64/winavr/bin/../lib/gcc/avr/4.3.3/avr5\libgcc.a(_usi_to_sf.o)
 .debug_info    0x00001d8a      0x117 d:/iti_embedded/imt tools/sdk/imt_sdk_win_64/winavr/bin/../lib/gcc/avr/4.3.3/avr5\libgcc.a(_clzsi2.o)
 .debug_info    0x00001ea1      0x2df d:/iti_embedded/imt tools/sdk/imt_sdk_win_64/winavr/bin/../lib/gcc/avr/4.3.3/avr5\libgcc.a(_pack_sf.o)
 .debug_info    0x00002180      0x251 d:/iti_embedded/imt tools/sdk/imt_sdk_win_64/winavr/bin/../lib/gcc/avr/4.3.3/avr5\libgcc.a(_unpack_sf.o)
 .debug_info    0x000023d1      0x210 d:/iti_embedded/imt tools/sdk/imt_sdk_win_64/winavr/bin/../lib/gcc/avr/4.3.3/avr5\libgcc.a(_fpcmp_parts_sf.o)
 .debug_info    0x000025e1       0xa9 d:/iti_embedded/imt tools/sdk/imt_sdk_win_64/winavr/bin/../lib/gcc/avr/4.3.3/avr5\libgcc.a(_clz.o)
 *(.gnu.linkonce.wi.*)

.debug_abbrev   0x00000000     0x14e0
 *(.debug_abbrev)
 .debug_abbrev  0x00000000       0x5d d:/iti_embedded/imt tools/sdk/imt_sdk_win_64/winavr/bin/../lib/gcc/avr/4.3.3/avr5\libgcc.a(_fixunssfsi.o)
 .debug_abbrev  0x0000005d      0x1ea d:/iti_embedded/imt tools/sdk/imt_sdk_win_64/winavr/bin/../lib/gcc/avr/4.3.3/avr5\libgcc.a(_addsub_sf.o)
 .debug_abbrev  0x00000247      0x21b d:/iti_embedded/imt tools/sdk/imt_sdk_win_64/winavr/bin/../lib/gcc/avr/4.3.3/avr5\libgcc.a(_mul_sf.o)
 .debug_abbrev  0x00000462      0x216 d:/iti_embedded/imt tools/sdk/imt_sdk_win_64/winavr/bin/../lib/gcc/avr/4.3.3/avr5\libgcc.a(_div_sf.o)
 .debug_abbrev  0x00000678      0x15a d:/iti_embedded/imt tools/sdk/imt_sdk_win_64/winavr/bin/../lib/gcc/avr/4.3.3/avr5\libgcc.a(_gt_sf.o)
 .debug_abbrev  0x000007d2      0x15a d:/iti_embedded/imt tools/sdk/imt_sdk_win_64/winavr/bin/../lib/gcc/avr/4.3.3/avr5\libgcc.a(_ge_sf.o)
 .debug_abbrev  0x0000092c      0x15a d:/iti_embedded/imt tools/sdk/imt_sdk_win_64/winavr/bin/../lib/gcc/avr/4.3.3/avr5\libgcc.a(_lt_sf.o)
 .debug_abbrev  0x00000a86      0x15a d:/iti_embedded/imt tools/sdk/imt_sdk_win_64/winavr/bin/../lib/gcc/avr/4.3.3/avr5\libgcc.a(_le_sf.o)
 .debug_abbrev  0x00000be0      0x17f d:/iti_embedded/imt tools/sdk/imt_sdk_win_64/winavr/bin/../lib/gcc/avr/4.3.3/avr5\libgcc.a(_sf_to_si.o)
 .debug_abbrev  0x00000d5f       0xad d:/iti_embedded/imt tools/sdk/imt_sdk_win_64/winavr/bin/../lib/gcc/avr/4.3.3/avr5\libgcc.a(_thenan_sf.o)
 .debug_abbrev  0x00000e0c      0x157 d:/iti_embedded/imt tools/sdk/imt_sdk_win_64/winavr/bin/../lib/gcc/avr/4.3.3/avr5\libgcc.a(_usi_to_sf.o)
 .debug_abbrev  0x00000f63       0xc4 d:/iti_embedded/imt tools/sdk/imt_sdk_win_64/winavr/bin/../lib/gcc/avr/4.3.3/avr5\libgcc.a(_clzsi2.o)
 .debug_abbrev  0x00001027      0x1c0 d:/iti_embedded/imt tools/sdk/imt_sdk_win_64/winavr/bin/../lib/gcc/avr/4.3.3/avr5\libgcc.a(_pack_sf.o)
 .debug_abbrev  0x000011e7      0x154 d:/iti_embedded/imt tools/sdk/imt_sdk_win_64/winavr/bin/../lib/gcc/avr/4.3.3/avr5\libgcc.a(_unpack_sf.o)
 .debug_abbrev  0x0000133b      0x13b d:/iti_embedded/imt tools/sdk/imt_sdk_win_64/winavr/bin/../lib/gcc/avr/4.3.3/avr5\libgcc.a(_fpcmp_parts_sf.o)
 .debug_abbrev  0x00001476       0x6a d:/iti_embedded/imt tools/sdk/imt_sdk_win_64/winavr/bin/../lib/gcc/avr/4.3.3/avr5\libgcc.a(_clz.o)

.debug_line     0x00000000     0x12a9
 *(.debug_line)
 .debug_line    0x00000000       0xa7 d:/iti_embedded/imt tools/sdk/imt_sdk_win_64/winavr/bin/../lib/gcc/avr/4.3.3/avr5\libgcc.a(_fixunssfsi.o)
 .debug_line    0x000000a7      0x2af d:/iti_embedded/imt tools/sdk/imt_sdk_win_64/winavr/bin/../lib/gcc/avr/4.3.3/avr5\libgcc.a(_addsub_sf.o)
 .debug_line    0x00000356      0x239 d:/iti_embedded/imt tools/sdk/imt_sdk_win_64/winavr/bin/../lib/gcc/avr/4.3.3/avr5\libgcc.a(_mul_sf.o)
 .debug_line    0x0000058f      0x1d5 d:/iti_embedded/imt tools/sdk/imt_sdk_win_64/winavr/bin/../lib/gcc/avr/4.3.3/avr5\libgcc.a(_div_sf.o)
 .debug_line    0x00000764       0xd3 d:/iti_embedded/imt tools/sdk/imt_sdk_win_64/winavr/bin/../lib/gcc/avr/4.3.3/avr5\libgcc.a(_gt_sf.o)
 .debug_line    0x00000837       0xd3 d:/iti_embedded/imt tools/sdk/imt_sdk_win_64/winavr/bin/../lib/gcc/avr/4.3.3/avr5\libgcc.a(_ge_sf.o)
 .debug_line    0x0000090a       0xd3 d:/iti_embedded/imt tools/sdk/imt_sdk_win_64/winavr/bin/../lib/gcc/avr/4.3.3/avr5\libgcc.a(_lt_sf.o)
 .debug_line    0x000009dd       0xd3 d:/iti_embedded/imt tools/sdk/imt_sdk_win_64/winavr/bin/../lib/gcc/avr/4.3.3/avr5\libgcc.a(_le_sf.o)
 .debug_line    0x00000ab0      0x109 d:/iti_embedded/imt tools/sdk/imt_sdk_win_64/winavr/bin/../lib/gcc/avr/4.3.3/avr5\libgcc.a(_sf_to_si.o)
 .debug_line    0x00000bb9       0x90 d:/iti_embedded/imt tools/sdk/imt_sdk_win_64/winavr/bin/../lib/gcc/avr/4.3.3/avr5\libgcc.a(_thenan_sf.o)
 .debug_line    0x00000c49      0x133 d:/iti_embedded/imt tools/sdk/imt_sdk_win_64/winavr/bin/../lib/gcc/avr/4.3.3/avr5\libgcc.a(_usi_to_sf.o)
 .debug_line    0x00000d7c       0xa5 d:/iti_embedded/imt tools/sdk/imt_sdk_win_64/winavr/bin/../lib/gcc/avr/4.3.3/avr5\libgcc.a(_clzsi2.o)
 .debug_line    0x00000e21      0x18a d:/iti_embedded/imt tools/sdk/imt_sdk_win_64/winavr/bin/../lib/gcc/avr/4.3.3/avr5\libgcc.a(_pack_sf.o)
 .debug_line    0x00000fab      0x14b d:/iti_embedded/imt tools/sdk/imt_sdk_win_64/winavr/bin/../lib/gcc/avr/4.3.3/avr5\libgcc.a(_unpack_sf.o)
 .debug_line    0x000010f6      0x137 d:/iti_embedded/imt tools/sdk/imt_sdk_win_64/winavr/bin/../lib/gcc/avr/4.3.3/avr5\libgcc.a(_fpcmp_parts_sf.o)
 .debug_line    0x0000122d       0x7c d:/iti_embedded/imt tools/sdk/imt_sdk_win_64/winavr/bin/../lib/gcc/avr/4.3.3/avr5\libgcc.a(_clz.o)

.debug_frame    0x00000000      0x1e0
 *(.debug_frame)
 .debug_frame   0x00000000       0x20 d:/iti_embedded/imt tools/sdk/imt_sdk_win_64/winavr/bin/../lib/gcc/avr/4.3.3/avr5\libgcc.a(_fixunssfsi.o)
 .debug_frame   0x00000020       0x40 d:/iti_embedded/imt tools/sdk/imt_sdk_win_64/winavr/bin/../lib/gcc/avr/4.3.3/avr5\libgcc.a(_addsub_sf.o)
 .debug_frame   0x00000060       0x20 d:/iti_embedded/imt tools/sdk/imt_sdk_win_64/winavr/bin/../lib/gcc/avr/4.3.3/avr5\libgcc.a(_mul_sf.o)
 .debug_frame   0x00000080       0x20 d:/iti_embedded/imt tools/sdk/imt_sdk_win_64/winavr/bin/../lib/gcc/avr/4.3.3/avr5\libgcc.a(_div_sf.o)
 .debug_frame   0x000000a0       0x20 d:/iti_embedded/imt tools/sdk/imt_sdk_win_64/winavr/bin/../lib/gcc/avr/4.3.3/avr5\libgcc.a(_gt_sf.o)
 .debug_frame   0x000000c0       0x20 d:/iti_embedded/imt tools/sdk/imt_sdk_win_64/winavr/bin/../lib/gcc/avr/4.3.3/avr5\libgcc.a(_ge_sf.o)
 .debug_frame   0x000000e0       0x20 d:/iti_embedded/imt tools/sdk/imt_sdk_win_64/winavr/bin/../lib/gcc/avr/4.3.3/avr5\libgcc.a(_lt_sf.o)
 .debug_frame   0x00000100       0x20 d:/iti_embedded/imt tools/sdk/imt_sdk_win_64/winavr/bin/../lib/gcc/avr/4.3.3/avr5\libgcc.a(_le_sf.o)
 .debug_frame   0x00000120       0x20 d:/iti_embedded/imt tools/sdk/imt_sdk_win_64/winavr/bin/../lib/gcc/avr/4.3.3/avr5\libgcc.a(_sf_to_si.o)
 .debug_frame   0x00000140       0x20 d:/iti_embedded/imt tools/sdk/imt_sdk_win_64/winavr/bin/../lib/gcc/avr/4.3.3/avr5\libgcc.a(_usi_to_sf.o)
 .debug_frame   0x00000160       0x20 d:/iti_embedded/imt tools/sdk/imt_sdk_win_64/winavr/bin/../lib/gcc/avr/4.3.3/avr5\libgcc.a(_clzsi2.o)
 .debug_frame   0x00000180       0x20 d:/iti_embedded/imt tools/sdk/imt_sdk_win_64/winavr/bin/../lib/gcc/avr/4.3.3/avr5\libgcc.a(_pack_sf.o)
 .debug_frame   0x000001a0       0x20 d:/iti_embedded/imt tools/sdk/imt_sdk_win_64/winavr/bin/../lib/gcc/avr/4.3.3/avr5\libgcc.a(_unpack_sf.o)
 .debug_frame   0x000001c0       0x20 d:/iti_embedded/imt tools/sdk/imt_sdk_win_64/winavr/bin/../lib/gcc/avr/4.3.3/avr5\libgcc.a(_fpcmp_parts_sf.o)

.debug_str      0x00000000      0x2fe
 *(.debug_str)
 .debug_str     0x00000000       0xbf d:/iti_embedded/imt tools/sdk/imt_sdk_win_64/winavr/bin/../lib/gcc/avr/4.3.3/avr5\libgcc.a(_fixunssfsi.o)
                                 0xfe (size before relaxing)
 .debug_str     0x000000bf      0x14d d:/iti_embedded/imt tools/sdk/imt_sdk_win_64/winavr/bin/../lib/gcc/avr/4.3.3/avr5\libgcc.a(_addsub_sf.o)
                                0x206 (size before relaxing)
 .debug_str     0x0000020c       0x27 d:/iti_embedded/imt tools/sdk/imt_sdk_win_64/winavr/bin/../lib/gcc/avr/4.3.3/avr5\libgcc.a(_mul_sf.o)
                                0x1bf (size before relaxing)
 .debug_str     0x00000233       0x35 d:/iti_embedded/imt tools/sdk/imt_sdk_win_64/winavr/bin/../lib/gcc/avr/4.3.3/avr5\libgcc.a(_div_sf.o)
                                0x1c8 (size before relaxing)
 .debug_str     0x00000268        0x8 d:/iti_embedded/imt tools/sdk/imt_sdk_win_64/winavr/bin/../lib/gcc/avr/4.3.3/avr5\libgcc.a(_gt_sf.o)
                                0x195 (size before relaxing)
 .debug_str     0x00000270        0x8 d:/iti_embedded/imt tools/sdk/imt_sdk_win_64/winavr/bin/../lib/gcc/avr/4.3.3/avr5\libgcc.a(_ge_sf.o)
                                0x195 (size before relaxing)
 .debug_str     0x00000278        0x8 d:/iti_embedded/imt tools/sdk/imt_sdk_win_64/winavr/bin/../lib/gcc/avr/4.3.3/avr5\libgcc.a(_lt_sf.o)
                                0x195 (size before relaxing)
 .debug_str     0x00000280        0x8 d:/iti_embedded/imt tools/sdk/imt_sdk_win_64/winavr/bin/../lib/gcc/avr/4.3.3/avr5\libgcc.a(_le_sf.o)
                                0x195 (size before relaxing)
 .debug_str     0x00000288        0xa d:/iti_embedded/imt tools/sdk/imt_sdk_win_64/winavr/bin/../lib/gcc/avr/4.3.3/avr5\libgcc.a(_sf_to_si.o)
                                0x19e (size before relaxing)
 .debug_str     0x00000000      0x103 d:/iti_embedded/imt tools/sdk/imt_sdk_win_64/winavr/bin/../lib/gcc/avr/4.3.3/avr5\libgcc.a(_thenan_sf.o)
 .debug_str     0x00000292       0x21 d:/iti_embedded/imt tools/sdk/imt_sdk_win_64/winavr/bin/../lib/gcc/avr/4.3.3/avr5\libgcc.a(_usi_to_sf.o)
                                0x177 (size before relaxing)
 .debug_str     0x000002b3       0x20 d:/iti_embedded/imt tools/sdk/imt_sdk_win_64/winavr/bin/../lib/gcc/avr/4.3.3/avr5\libgcc.a(_clzsi2.o)
                                0x111 (size before relaxing)
 .debug_str     0x000002d3       0x10 d:/iti_embedded/imt tools/sdk/imt_sdk_win_64/winavr/bin/../lib/gcc/avr/4.3.3/avr5\libgcc.a(_pack_sf.o)
                                0x19d (size before relaxing)
 .debug_str     0x000002e3        0xb d:/iti_embedded/imt tools/sdk/imt_sdk_win_64/winavr/bin/../lib/gcc/avr/4.3.3/avr5\libgcc.a(_unpack_sf.o)
                                0x17f (size before relaxing)
 .debug_str     0x000002ee       0x10 d:/iti_embedded/imt tools/sdk/imt_sdk_win_64/winavr/bin/../lib/gcc/avr/4.3.3/avr5\libgcc.a(_fpcmp_parts_sf.o)
                                0x163 (size before relaxing)
 .debug_str     0x00000000       0xf4 d:/iti_embedded/imt tools/sdk/imt_sdk_win_64/winavr/bin/../lib/gcc/avr/4.3.3/avr5\libgcc.a(_clz.o)

.debug_loc      0x00000000      0x9aa
 *(.debug_loc)
 .debug_loc     0x00000000       0x34 d:/iti_embedded/imt tools/sdk/imt_sdk_win_64/winavr/bin/../lib/gcc/avr/4.3.3/avr5\libgcc.a(_fixunssfsi.o)
 .debug_loc     0x00000034      0x32a d:/iti_embedded/imt tools/sdk/imt_sdk_win_64/winavr/bin/../lib/gcc/avr/4.3.3/avr5\libgcc.a(_addsub_sf.o)
 .debug_loc     0x0000035e      0x104 d:/iti_embedded/imt tools/sdk/imt_sdk_win_64/winavr/bin/../lib/gcc/avr/4.3.3/avr5\libgcc.a(_mul_sf.o)
 .debug_loc     0x00000462       0xc0 d:/iti_embedded/imt tools/sdk/imt_sdk_win_64/winavr/bin/../lib/gcc/avr/4.3.3/avr5\libgcc.a(_div_sf.o)
 .debug_loc     0x00000522       0x3c d:/iti_embedded/imt tools/sdk/imt_sdk_win_64/winavr/bin/../lib/gcc/avr/4.3.3/avr5\libgcc.a(_gt_sf.o)
 .debug_loc     0x0000055e       0x3c d:/iti_embedded/imt tools/sdk/imt_sdk_win_64/winavr/bin/../lib/gcc/avr/4.3.3/avr5\libgcc.a(_ge_sf.o)
 .debug_loc     0x0000059a       0x3c d:/iti_embedded/imt tools/sdk/imt_sdk_win_64/winavr/bin/../lib/gcc/avr/4.3.3/avr5\libgcc.a(_lt_sf.o)
 .debug_loc     0x000005d6       0x3c d:/iti_embedded/imt tools/sdk/imt_sdk_win_64/winavr/bin/../lib/gcc/avr/4.3.3/avr5\libgcc.a(_le_sf.o)
 .debug_loc     0x00000612       0x7e d:/iti_embedded/imt tools/sdk/imt_sdk_win_64/winavr/bin/../lib/gcc/avr/4.3.3/avr5\libgcc.a(_sf_to_si.o)
 .debug_loc     0x00000690       0x4c d:/iti_embedded/imt tools/sdk/imt_sdk_win_64/winavr/bin/../lib/gcc/avr/4.3.3/avr5\libgcc.a(_usi_to_sf.o)
 .debug_loc     0x000006dc       0x94 d:/iti_embedded/imt tools/sdk/imt_sdk_win_64/winavr/bin/../lib/gcc/avr/4.3.3/avr5\libgcc.a(_clzsi2.o)
 .debug_loc     0x00000770      0x13e d:/iti_embedded/imt tools/sdk/imt_sdk_win_64/winavr/bin/../lib/gcc/avr/4.3.3/avr5\libgcc.a(_pack_sf.o)
 .debug_loc     0x000008ae       0xac d:/iti_embedded/imt tools/sdk/imt_sdk_win_64/winavr/bin/../lib/gcc/avr/4.3.3/avr5\libgcc.a(_unpack_sf.o)
 .debug_loc     0x0000095a       0x50 d:/iti_embedded/imt tools/sdk/imt_sdk_win_64/winavr/bin/../lib/gcc/avr/4.3.3/avr5\libgcc.a(_fpcmp_parts_sf.o)

.debug_macinfo
 *(.debug_macinfo)
OUTPUT(ADAS.elf elf32-avr)
LOAD linker stubs

.debug_ranges   0x00000000       0x50
 .debug_ranges  0x00000000       0x50 d:/iti_embedded/imt tools/sdk/imt_sdk_win_64/winavr/bin/../lib/gcc/avr/4.3.3/avr5\libgcc.a(_mul_sf.o)
