Archive member included because of file (symbol)

d:/iti_embedded/imt tools/sdk/imt_sdk_win_64/winavr/bin/../lib/gcc/avr/4.3.3/avr5\libgcc.a(_mulsi3.o)
                              ./MCAL/MTIMER1/TIMER1_Program.o (__mulsi3)
d:/iti_embedded/imt tools/sdk/imt_sdk_win_64/winavr/bin/../lib/gcc/avr/4.3.3/avr5\libgcc.a(_udivmodsi4.o)
                              ./MCAL/MI2C/I2C_prog.o (__udivmodsi4)
d:/iti_embedded/imt tools/sdk/imt_sdk_win_64/winavr/bin/../lib/gcc/avr/4.3.3/avr5\libgcc.a(_exit.o)
                              d:/iti_embedded/imt tools/sdk/imt_sdk_win_64/winavr/bin/../lib/gcc/avr/4.3.3/../../../../avr/lib/avr5/crtm32.o (exit)
d:/iti_embedded/imt tools/sdk/imt_sdk_win_64/winavr/bin/../lib/gcc/avr/4.3.3/avr5\libgcc.a(_copy_data.o)
                              ./HAL/HKP/KP_Program.o (__do_copy_data)
d:/iti_embedded/imt tools/sdk/imt_sdk_win_64/winavr/bin/../lib/gcc/avr/4.3.3/avr5\libgcc.a(_clear_bss.o)
                              ./MCAL/MTIMER2/TIMER2_Program.o (__do_clear_bss)
d:/iti_embedded/imt tools/sdk/imt_sdk_win_64/winavr/bin/../lib/gcc/avr/4.3.3/avr5\libgcc.a(_fixunssfsi.o)
                              ./MCAL/MTIMER1/TIMER1_Program.o (__fixunssfsi)
d:/iti_embedded/imt tools/sdk/imt_sdk_win_64/winavr/bin/../lib/gcc/avr/4.3.3/avr5\libgcc.a(_addsub_sf.o)
                              d:/iti_embedded/imt tools/sdk/imt_sdk_win_64/winavr/bin/../lib/gcc/avr/4.3.3/avr5\libgcc.a(_fixunssfsi.o) (__subsf3)
d:/iti_embedded/imt tools/sdk/imt_sdk_win_64/winavr/bin/../lib/gcc/avr/4.3.3/avr5\libgcc.a(_mul_sf.o)
                              ./MCAL/MTIMER1/TIMER1_Program.o (__mulsf3)
d:/iti_embedded/imt tools/sdk/imt_sdk_win_64/winavr/bin/../lib/gcc/avr/4.3.3/avr5\libgcc.a(_div_sf.o)
                              ./MCAL/MI2C/I2C_prog.o (__divsf3)
d:/iti_embedded/imt tools/sdk/imt_sdk_win_64/winavr/bin/../lib/gcc/avr/4.3.3/avr5\libgcc.a(_eq_sf.o)
                              ./app.o (__eqsf2)
d:/iti_embedded/imt tools/sdk/imt_sdk_win_64/winavr/bin/../lib/gcc/avr/4.3.3/avr5\libgcc.a(_gt_sf.o)
                              ./MCAL/MI2C/I2C_prog.o (__gtsf2)
d:/iti_embedded/imt tools/sdk/imt_sdk_win_64/winavr/bin/../lib/gcc/avr/4.3.3/avr5\libgcc.a(_ge_sf.o)
                              ./HAL/HSVM/SM_Program.o (__gesf2)
d:/iti_embedded/imt tools/sdk/imt_sdk_win_64/winavr/bin/../lib/gcc/avr/4.3.3/avr5\libgcc.a(_lt_sf.o)
                              ./MCAL/MI2C/I2C_prog.o (__ltsf2)
d:/iti_embedded/imt tools/sdk/imt_sdk_win_64/winavr/bin/../lib/gcc/avr/4.3.3/avr5\libgcc.a(_le_sf.o)
                              ./HAL/HSVM/SM_Program.o (__lesf2)
d:/iti_embedded/imt tools/sdk/imt_sdk_win_64/winavr/bin/../lib/gcc/avr/4.3.3/avr5\libgcc.a(_sf_to_si.o)
                              d:/iti_embedded/imt tools/sdk/imt_sdk_win_64/winavr/bin/../lib/gcc/avr/4.3.3/avr5\libgcc.a(_fixunssfsi.o) (__fixsfsi)
d:/iti_embedded/imt tools/sdk/imt_sdk_win_64/winavr/bin/../lib/gcc/avr/4.3.3/avr5\libgcc.a(_thenan_sf.o)
                              d:/iti_embedded/imt tools/sdk/imt_sdk_win_64/winavr/bin/../lib/gcc/avr/4.3.3/avr5\libgcc.a(_addsub_sf.o) (__thenan_sf)
d:/iti_embedded/imt tools/sdk/imt_sdk_win_64/winavr/bin/../lib/gcc/avr/4.3.3/avr5\libgcc.a(_usi_to_sf.o)
                              ./MCAL/MTIMER1/TIMER1_Program.o (__floatunsisf)
d:/iti_embedded/imt tools/sdk/imt_sdk_win_64/winavr/bin/../lib/gcc/avr/4.3.3/avr5\libgcc.a(_prologue.o)
                              d:/iti_embedded/imt tools/sdk/imt_sdk_win_64/winavr/bin/../lib/gcc/avr/4.3.3/avr5\libgcc.a(_addsub_sf.o) (__prologue_saves__)
d:/iti_embedded/imt tools/sdk/imt_sdk_win_64/winavr/bin/../lib/gcc/avr/4.3.3/avr5\libgcc.a(_epilogue.o)
                              d:/iti_embedded/imt tools/sdk/imt_sdk_win_64/winavr/bin/../lib/gcc/avr/4.3.3/avr5\libgcc.a(_addsub_sf.o) (__epilogue_restores__)
d:/iti_embedded/imt tools/sdk/imt_sdk_win_64/winavr/bin/../lib/gcc/avr/4.3.3/avr5\libgcc.a(_clzsi2.o)
                              d:/iti_embedded/imt tools/sdk/imt_sdk_win_64/winavr/bin/../lib/gcc/avr/4.3.3/avr5\libgcc.a(_usi_to_sf.o) (__clzsi2)
d:/iti_embedded/imt tools/sdk/imt_sdk_win_64/winavr/bin/../lib/gcc/avr/4.3.3/avr5\libgcc.a(_pack_sf.o)
                              d:/iti_embedded/imt tools/sdk/imt_sdk_win_64/winavr/bin/../lib/gcc/avr/4.3.3/avr5\libgcc.a(_addsub_sf.o) (__pack_f)
d:/iti_embedded/imt tools/sdk/imt_sdk_win_64/winavr/bin/../lib/gcc/avr/4.3.3/avr5\libgcc.a(_unpack_sf.o)
                              d:/iti_embedded/imt tools/sdk/imt_sdk_win_64/winavr/bin/../lib/gcc/avr/4.3.3/avr5\libgcc.a(_addsub_sf.o) (__unpack_f)
d:/iti_embedded/imt tools/sdk/imt_sdk_win_64/winavr/bin/../lib/gcc/avr/4.3.3/avr5\libgcc.a(_fpcmp_parts_sf.o)
                              d:/iti_embedded/imt tools/sdk/imt_sdk_win_64/winavr/bin/../lib/gcc/avr/4.3.3/avr5\libgcc.a(_eq_sf.o) (__fpcmp_parts_f)
d:/iti_embedded/imt tools/sdk/imt_sdk_win_64/winavr/bin/../lib/gcc/avr/4.3.3/avr5\libgcc.a(_clz.o)
                              d:/iti_embedded/imt tools/sdk/imt_sdk_win_64/winavr/bin/../lib/gcc/avr/4.3.3/avr5\libgcc.a(_clzsi2.o) (__clz_tab)
d:/iti_embedded/imt tools/sdk/imt_sdk_win_64/winavr/bin/../lib/gcc/avr/4.3.3/../../../../avr/lib/avr5\libc.a(itoa.o)
                              ./main.o (itoa)
d:/iti_embedded/imt tools/sdk/imt_sdk_win_64/winavr/bin/../lib/gcc/avr/4.3.3/../../../../avr/lib/avr5\libc.a(strrev.o)
                              d:/iti_embedded/imt tools/sdk/imt_sdk_win_64/winavr/bin/../lib/gcc/avr/4.3.3/../../../../avr/lib/avr5\libc.a(itoa.o) (strrev)
d:/iti_embedded/imt tools/sdk/imt_sdk_win_64/winavr/bin/../lib/gcc/avr/4.3.3/avr5\libgcc.a(_udivmodhi4.o)
                              d:/iti_embedded/imt tools/sdk/imt_sdk_win_64/winavr/bin/../lib/gcc/avr/4.3.3/../../../../avr/lib/avr5\libc.a(itoa.o) (__udivmodhi4)

Allocating common symbols
Common symbol       size              file

GP_CM1ACallback     0x2               ./MCAL/MTIMER1/TIMER1_Program.o
GP_CapCallBack      0x2               ./MCAL/MTIMER1/TIMER1_Program.o
GP_OvCallback       0x2               ./MCAL/MTIMER1/TIMER1_Program.o
GP_EXTI0CallBack    0x2               ./MCAL/MEXTI/EXTI_Program.o
GP_EXTI1CallBack    0x2               ./MCAL/MEXTI/EXTI_Program.o
GP_CM1BCallback     0x2               ./MCAL/MTIMER1/TIMER1_Program.o
GP_EXTI2CallBack    0x2               ./MCAL/MEXTI/EXTI_Program.o

Memory Configuration

Name             Origin             Length             Attributes
text             0x00000000         0x00020000         xr
data             0x00800060         0x0000ffa0         rw !x
eeprom           0x00810000         0x00010000         rw !x
fuse             0x00820000         0x00000400         rw !x
lock             0x00830000         0x00000400         rw !x
signature        0x00840000         0x00000400         rw !x
*default*        0x00000000         0xffffffff

Linker script and memory map

LOAD d:/iti_embedded/imt tools/sdk/imt_sdk_win_64/winavr/bin/../lib/gcc/avr/4.3.3/../../../../avr/lib/avr5/crtm32.o
LOAD ./MCAL/MUART/UART_prog.o
LOAD ./MCAL/MTIMER2/TIMER2_Program.o
LOAD ./MCAL/MTIMER1/TIMER1_Program.o
LOAD ./MCAL/MTIMER0/TIMER0_Program.o
LOAD ./MCAL/MI2C/I2C_prog.o
LOAD ./MCAL/MGINT/GINT_Program.o
LOAD ./MCAL/MEXTI/EXTI_Program.o
LOAD ./MCAL/MDIO/DIO_Program.o
LOAD ./MCAL/MADC/ADC_Program.o
LOAD ./HAL/HUS/HUS_Program.o
LOAD ./HAL/HSVM/SM_Program.o
LOAD ./HAL/HLCD/LCD_Program.o
LOAD ./HAL/HKP/KP_Program.o
LOAD ./HAL/EXT_EEPROM/EEPROM_prog.o
LOAD ./app.o
LOAD ./main.o
LOAD d:/iti_embedded/imt tools/sdk/imt_sdk_win_64/winavr/bin/../lib/gcc/avr/4.3.3/avr5\libgcc.a
LOAD d:/iti_embedded/imt tools/sdk/imt_sdk_win_64/winavr/bin/../lib/gcc/avr/4.3.3/../../../../avr/lib/avr5\libc.a
LOAD d:/iti_embedded/imt tools/sdk/imt_sdk_win_64/winavr/bin/../lib/gcc/avr/4.3.3/avr5\libgcc.a

.hash
 *(.hash)

.dynsym
 *(.dynsym)

.dynstr
 *(.dynstr)

.gnu.version
 *(.gnu.version)

.gnu.version_d
 *(.gnu.version_d)

.gnu.version_r
 *(.gnu.version_r)

.rel.init
 *(.rel.init)

.rela.init
 *(.rela.init)

.rel.text
 *(.rel.text)
 *(.rel.text.*)
 *(.rel.gnu.linkonce.t*)

.rela.text
 *(.rela.text)
 *(.rela.text.*)
 *(.rela.gnu.linkonce.t*)

.rel.fini
 *(.rel.fini)

.rela.fini
 *(.rela.fini)

.rel.rodata
 *(.rel.rodata)
 *(.rel.rodata.*)
 *(.rel.gnu.linkonce.r*)

.rela.rodata
 *(.rela.rodata)
 *(.rela.rodata.*)
 *(.rela.gnu.linkonce.r*)

.rel.data
 *(.rel.data)
 *(.rel.data.*)
 *(.rel.gnu.linkonce.d*)

.rela.data
 *(.rela.data)
 *(.rela.data.*)
 *(.rela.gnu.linkonce.d*)

.rel.ctors
 *(.rel.ctors)

.rela.ctors
 *(.rela.ctors)

.rel.dtors
 *(.rel.dtors)

.rela.dtors
 *(.rela.dtors)

.rel.got
 *(.rel.got)

.rela.got
 *(.rela.got)

.rel.bss
 *(.rel.bss)

.rela.bss
 *(.rela.bss)

.rel.plt
 *(.rel.plt)

.rela.plt
 *(.rela.plt)

.text           0x00000000     0x4372
 *(.vectors)
 .vectors       0x00000000       0x54 d:/iti_embedded/imt tools/sdk/imt_sdk_win_64/winavr/bin/../lib/gcc/avr/4.3.3/../../../../avr/lib/avr5/crtm32.o
                0x00000000                __vectors
                0x00000000                __vector_default
 *(.vectors)
 *(.progmem.gcc*)
 *(.progmem*)
                0x00000054                . = ALIGN (0x2)
                0x00000054                __trampolines_start = .
 *(.trampolines)
 .trampolines   0x00000054        0x0 linker stubs
 *(.trampolines*)
                0x00000054                __trampolines_end = .
 *(.jumptables)
 *(.jumptables*)
 *(.lowtext)
 *(.lowtext*)
                0x00000054                __ctors_start = .
 *(.ctors)
                0x00000054                __ctors_end = .
                0x00000054                __dtors_start = .
 *(.dtors)
                0x00000054                __dtors_end = .
 SORT(*)(.ctors)
 SORT(*)(.dtors)
 *(.init0)
 .init0         0x00000054        0x0 d:/iti_embedded/imt tools/sdk/imt_sdk_win_64/winavr/bin/../lib/gcc/avr/4.3.3/../../../../avr/lib/avr5/crtm32.o
                0x00000054                __init
 *(.init0)
 *(.init1)
 *(.init1)
 *(.init2)
 .init2         0x00000054        0xc d:/iti_embedded/imt tools/sdk/imt_sdk_win_64/winavr/bin/../lib/gcc/avr/4.3.3/../../../../avr/lib/avr5/crtm32.o
 *(.init2)
 *(.init3)
 *(.init3)
 *(.init4)
 .init4         0x00000060       0x16 d:/iti_embedded/imt tools/sdk/imt_sdk_win_64/winavr/bin/../lib/gcc/avr/4.3.3/avr5\libgcc.a(_copy_data.o)
                0x00000060                __do_copy_data
 .init4         0x00000076       0x10 d:/iti_embedded/imt tools/sdk/imt_sdk_win_64/winavr/bin/../lib/gcc/avr/4.3.3/avr5\libgcc.a(_clear_bss.o)
                0x00000076                __do_clear_bss
 *(.init4)
 *(.init5)
 *(.init5)
 *(.init6)
 *(.init6)
 *(.init7)
 *(.init7)
 *(.init8)
 *(.init8)
 *(.init9)
 .init9         0x00000086        0x8 d:/iti_embedded/imt tools/sdk/imt_sdk_win_64/winavr/bin/../lib/gcc/avr/4.3.3/../../../../avr/lib/avr5/crtm32.o
 *(.init9)
 *(.text)
 .text          0x0000008e        0x4 d:/iti_embedded/imt tools/sdk/imt_sdk_win_64/winavr/bin/../lib/gcc/avr/4.3.3/../../../../avr/lib/avr5/crtm32.o
                0x0000008e                __vector_12
                0x0000008e                __bad_interrupt
                0x0000008e                __vector_13
                0x0000008e                __vector_17
                0x0000008e                __vector_19
                0x0000008e                __vector_15
                0x0000008e                __vector_14
                0x0000008e                __vector_18
                0x0000008e                __vector_20
 .text          0x00000092        0x0 ./MCAL/MUART/UART_prog.o
 .text          0x00000092        0x0 ./MCAL/MTIMER2/TIMER2_Program.o
 .text          0x00000092        0x0 ./MCAL/MTIMER1/TIMER1_Program.o
 .text          0x00000092        0x0 ./MCAL/MTIMER0/TIMER0_Program.o
 .text          0x00000092        0x0 ./MCAL/MI2C/I2C_prog.o
 .text          0x00000092        0x0 ./MCAL/MGINT/GINT_Program.o
 .text          0x00000092        0x0 ./MCAL/MEXTI/EXTI_Program.o
 .text          0x00000092        0x0 ./MCAL/MDIO/DIO_Program.o
 .text          0x00000092        0x0 ./MCAL/MADC/ADC_Program.o
 .text          0x00000092        0x0 ./HAL/HUS/HUS_Program.o
 .text          0x00000092        0x0 ./HAL/HSVM/SM_Program.o
 .text          0x00000092        0x0 ./HAL/HLCD/LCD_Program.o
 .text          0x00000092        0x0 ./HAL/HKP/KP_Program.o
 .text          0x00000092        0x0 ./HAL/EXT_EEPROM/EEPROM_prog.o
 .text          0x00000092        0x0 ./app.o
 .text          0x00000092        0x0 ./main.o
 .text          0x00000092        0x0 d:/iti_embedded/imt tools/sdk/imt_sdk_win_64/winavr/bin/../lib/gcc/avr/4.3.3/avr5\libgcc.a(_mulsi3.o)
 .text          0x00000092        0x0 d:/iti_embedded/imt tools/sdk/imt_sdk_win_64/winavr/bin/../lib/gcc/avr/4.3.3/avr5\libgcc.a(_udivmodsi4.o)
 .text          0x00000092        0x0 d:/iti_embedded/imt tools/sdk/imt_sdk_win_64/winavr/bin/../lib/gcc/avr/4.3.3/avr5\libgcc.a(_exit.o)
 .text          0x00000092        0x0 d:/iti_embedded/imt tools/sdk/imt_sdk_win_64/winavr/bin/../lib/gcc/avr/4.3.3/avr5\libgcc.a(_copy_data.o)
 .text          0x00000092        0x0 d:/iti_embedded/imt tools/sdk/imt_sdk_win_64/winavr/bin/../lib/gcc/avr/4.3.3/avr5\libgcc.a(_clear_bss.o)
 .text          0x00000092       0x58 d:/iti_embedded/imt tools/sdk/imt_sdk_win_64/winavr/bin/../lib/gcc/avr/4.3.3/avr5\libgcc.a(_fixunssfsi.o)
                0x00000092                __fixunssfsi
 .text          0x000000ea      0x354 d:/iti_embedded/imt tools/sdk/imt_sdk_win_64/winavr/bin/../lib/gcc/avr/4.3.3/avr5\libgcc.a(_addsub_sf.o)
                0x00000382                __subsf3
                0x000003e4                __addsf3
 .text          0x0000043e      0x1f4 d:/iti_embedded/imt tools/sdk/imt_sdk_win_64/winavr/bin/../lib/gcc/avr/4.3.3/avr5\libgcc.a(_mul_sf.o)
                0x0000043e                __mulsf3
 .text          0x00000632      0x158 d:/iti_embedded/imt tools/sdk/imt_sdk_win_64/winavr/bin/../lib/gcc/avr/4.3.3/avr5\libgcc.a(_div_sf.o)
                0x00000632                __divsf3
 .text          0x0000078a       0x60 d:/iti_embedded/imt tools/sdk/imt_sdk_win_64/winavr/bin/../lib/gcc/avr/4.3.3/avr5\libgcc.a(_eq_sf.o)
                0x0000078a                __eqsf2
 .text          0x000007ea       0x60 d:/iti_embedded/imt tools/sdk/imt_sdk_win_64/winavr/bin/../lib/gcc/avr/4.3.3/avr5\libgcc.a(_gt_sf.o)
                0x000007ea                __gtsf2
 .text          0x0000084a       0x60 d:/iti_embedded/imt tools/sdk/imt_sdk_win_64/winavr/bin/../lib/gcc/avr/4.3.3/avr5\libgcc.a(_ge_sf.o)
                0x0000084a                __gesf2
 .text          0x000008aa       0x60 d:/iti_embedded/imt tools/sdk/imt_sdk_win_64/winavr/bin/../lib/gcc/avr/4.3.3/avr5\libgcc.a(_lt_sf.o)
                0x000008aa                __ltsf2
 .text          0x0000090a       0x60 d:/iti_embedded/imt tools/sdk/imt_sdk_win_64/winavr/bin/../lib/gcc/avr/4.3.3/avr5\libgcc.a(_le_sf.o)
                0x0000090a                __lesf2
 .text          0x0000096a       0xa8 d:/iti_embedded/imt tools/sdk/imt_sdk_win_64/winavr/bin/../lib/gcc/avr/4.3.3/avr5\libgcc.a(_sf_to_si.o)
                0x0000096a                __fixsfsi
 .text          0x00000a12        0x0 d:/iti_embedded/imt tools/sdk/imt_sdk_win_64/winavr/bin/../lib/gcc/avr/4.3.3/avr5\libgcc.a(_thenan_sf.o)
 .text          0x00000a12       0xf2 d:/iti_embedded/imt tools/sdk/imt_sdk_win_64/winavr/bin/../lib/gcc/avr/4.3.3/avr5\libgcc.a(_usi_to_sf.o)
                0x00000a12                __floatunsisf
 .text          0x00000b04        0x0 d:/iti_embedded/imt tools/sdk/imt_sdk_win_64/winavr/bin/../lib/gcc/avr/4.3.3/avr5\libgcc.a(_prologue.o)
 .text          0x00000b04        0x0 d:/iti_embedded/imt tools/sdk/imt_sdk_win_64/winavr/bin/../lib/gcc/avr/4.3.3/avr5\libgcc.a(_epilogue.o)
 .text          0x00000b04       0x9e d:/iti_embedded/imt tools/sdk/imt_sdk_win_64/winavr/bin/../lib/gcc/avr/4.3.3/avr5\libgcc.a(_clzsi2.o)
                0x00000b04                __clzsi2
 .text          0x00000ba2      0x1aa d:/iti_embedded/imt tools/sdk/imt_sdk_win_64/winavr/bin/../lib/gcc/avr/4.3.3/avr5\libgcc.a(_pack_sf.o)
                0x00000ba2                __pack_f
 .text          0x00000d4c       0xf0 d:/iti_embedded/imt tools/sdk/imt_sdk_win_64/winavr/bin/../lib/gcc/avr/4.3.3/avr5\libgcc.a(_unpack_sf.o)
                0x00000d4c                __unpack_f
 .text          0x00000e3c       0xb2 d:/iti_embedded/imt tools/sdk/imt_sdk_win_64/winavr/bin/../lib/gcc/avr/4.3.3/avr5\libgcc.a(_fpcmp_parts_sf.o)
                0x00000e3c                __fpcmp_parts_f
 .text          0x00000eee        0x0 d:/iti_embedded/imt tools/sdk/imt_sdk_win_64/winavr/bin/../lib/gcc/avr/4.3.3/avr5\libgcc.a(_clz.o)
 .text          0x00000eee        0x0 d:/iti_embedded/imt tools/sdk/imt_sdk_win_64/winavr/bin/../lib/gcc/avr/4.3.3/../../../../avr/lib/avr5\libc.a(itoa.o)
 .text          0x00000eee        0x0 d:/iti_embedded/imt tools/sdk/imt_sdk_win_64/winavr/bin/../lib/gcc/avr/4.3.3/../../../../avr/lib/avr5\libc.a(strrev.o)
 .text          0x00000eee        0x0 d:/iti_embedded/imt tools/sdk/imt_sdk_win_64/winavr/bin/../lib/gcc/avr/4.3.3/avr5\libgcc.a(_udivmodhi4.o)
                0x00000eee                . = ALIGN (0x2)
 *(.text.*)
 .text.MUART_voidUartInit
                0x00000eee       0x86 ./MCAL/MUART/UART_prog.o
                0x00000eee                MUART_voidUartInit
 .text.MUART_voidUartSend
                0x00000f74       0x34 ./MCAL/MUART/UART_prog.o
                0x00000f74                MUART_voidUartSend
 .text.MUART_u8UartRecieve
                0x00000fa8       0x1e ./MCAL/MUART/UART_prog.o
                0x00000fa8                MUART_u8UartRecieve
 .text.MUART_voidUartSendString
                0x00000fc6       0x3e ./MCAL/MUART/UART_prog.o
                0x00000fc6                MUART_voidUartSendString
 .text.TMR2_VoidInit
                0x00001004       0x70 ./MCAL/MTIMER2/TIMER2_Program.o
                0x00001004                TMR2_VoidInit
 .text.TMR2_VoidOVFInterruptEnable
                0x00001074       0x1c ./MCAL/MTIMER2/TIMER2_Program.o
                0x00001074                TMR2_VoidOVFInterruptEnable
 .text.TMR2_VoidOCMInterruptEnable
                0x00001090       0x1c ./MCAL/MTIMER2/TIMER2_Program.o
                0x00001090                TMR2_VoidOCMInterruptEnable
 .text.TMR2_VoidOVFInterruptDisable
                0x000010ac       0x1c ./MCAL/MTIMER2/TIMER2_Program.o
                0x000010ac                TMR2_VoidOVFInterruptDisable
 .text.TMR2_VoidOCMInterruptDisable
                0x000010c8       0x1c ./MCAL/MTIMER2/TIMER2_Program.o
                0x000010c8                TMR2_VoidOCMInterruptDisable
 .text.TMR2_VoidSetPreload
                0x000010e4       0x1c ./MCAL/MTIMER2/TIMER2_Program.o
                0x000010e4                TMR2_VoidSetPreload
 .text.TMR2_VoidSetOCMValue
                0x00001100       0x1c ./MCAL/MTIMER2/TIMER2_Program.o
                0x00001100                TMR2_VoidSetOCMValue
 .text.TMR2_OFV_SetCallBack
                0x0000111c       0x24 ./MCAL/MTIMER2/TIMER2_Program.o
                0x0000111c                TMR2_OFV_SetCallBack
 .text.TMR2_OCM_SetCallBack
                0x00001140       0x24 ./MCAL/MTIMER2/TIMER2_Program.o
                0x00001140                TMR2_OCM_SetCallBack
 .text.__vector_5
                0x00001164       0x5a ./MCAL/MTIMER2/TIMER2_Program.o
                0x00001164                __vector_5
 .text.__vector_4
                0x000011be       0x5a ./MCAL/MTIMER2/TIMER2_Program.o
                0x000011be                __vector_4
 .text.MTIMER1_voidTimer1Init
                0x00001218       0xa8 ./MCAL/MTIMER1/TIMER1_Program.o
                0x00001218                MTIMER1_voidTimer1Init
 .text.MTIMER1_voidSetPreload
                0x000012c0       0x24 ./MCAL/MTIMER1/TIMER1_Program.o
                0x000012c0                MTIMER1_voidSetPreload
 .text.MTIMER1_voidSetOCR1A
                0x000012e4       0x24 ./MCAL/MTIMER1/TIMER1_Program.o
                0x000012e4                MTIMER1_voidSetOCR1A
 .text.MTIMER1_voidSetOCR1B
                0x00001308       0x24 ./MCAL/MTIMER1/TIMER1_Program.o
                0x00001308                MTIMER1_voidSetOCR1B
 .text.MTIMER1_voidSetICR1
                0x0000132c       0x24 ./MCAL/MTIMER1/TIMER1_Program.o
                0x0000132c                MTIMER1_voidSetICR1
 .text.MTIMER1_voidOvIntEnable
                0x00001350       0x1c ./MCAL/MTIMER1/TIMER1_Program.o
                0x00001350                MTIMER1_voidOvIntEnable
 .text.MTIMER1_voidOCR1AIntEnable
                0x0000136c       0x1c ./MCAL/MTIMER1/TIMER1_Program.o
                0x0000136c                MTIMER1_voidOCR1AIntEnable
 .text.MTIMER1_voidOCR1BIntEnable
                0x00001388       0x1c ./MCAL/MTIMER1/TIMER1_Program.o
                0x00001388                MTIMER1_voidOCR1BIntEnable
 .text.MTIMER1_voidICUIntEnable
                0x000013a4       0x1c ./MCAL/MTIMER1/TIMER1_Program.o
                0x000013a4                MTIMER1_voidICUIntEnable
 .text.MTIMER1_u16TonCalc
                0x000013c0      0x184 ./MCAL/MTIMER1/TIMER1_Program.o
                0x000013c0                MTIMER1_u16TonCalc
 .text.MTIMER1_voidOvCallBack
                0x00001544       0x24 ./MCAL/MTIMER1/TIMER1_Program.o
                0x00001544                MTIMER1_voidOvCallBack
 .text.__vector_9
                0x00001568       0x5a ./MCAL/MTIMER1/TIMER1_Program.o
                0x00001568                __vector_9
 .text.MTIMER1_voidOCR1ACallBack
                0x000015c2       0x24 ./MCAL/MTIMER1/TIMER1_Program.o
                0x000015c2                MTIMER1_voidOCR1ACallBack
 .text.__vector_7
                0x000015e6       0x5a ./MCAL/MTIMER1/TIMER1_Program.o
                0x000015e6                __vector_7
 .text.MTIMER1_voidOCR1BCallBack
                0x00001640       0x24 ./MCAL/MTIMER1/TIMER1_Program.o
                0x00001640                MTIMER1_voidOCR1BCallBack
 .text.__vector_8
                0x00001664       0x5a ./MCAL/MTIMER1/TIMER1_Program.o
                0x00001664                __vector_8
 .text.MTIMER1_voidOCapCallBack
                0x000016be       0x24 ./MCAL/MTIMER1/TIMER1_Program.o
                0x000016be                MTIMER1_voidOCapCallBack
 .text.__vector_6
                0x000016e2       0x5a ./MCAL/MTIMER1/TIMER1_Program.o
                0x000016e2                __vector_6
 .text.TMR0_VoidInit
                0x0000173c       0x70 ./MCAL/MTIMER0/TIMER0_Program.o
                0x0000173c                TMR0_VoidInit
 .text.TMR0_VoidOVFInterruptEnable
                0x000017ac       0x1c ./MCAL/MTIMER0/TIMER0_Program.o
                0x000017ac                TMR0_VoidOVFInterruptEnable
 .text.TMR0_VoidOCMInterruptEnable
                0x000017c8       0x1c ./MCAL/MTIMER0/TIMER0_Program.o
                0x000017c8                TMR0_VoidOCMInterruptEnable
 .text.TMR0_VoidOVFInterruptDisable
                0x000017e4       0x1c ./MCAL/MTIMER0/TIMER0_Program.o
                0x000017e4                TMR0_VoidOVFInterruptDisable
 .text.TMR0_VoidOCMInterruptDisable
                0x00001800       0x1c ./MCAL/MTIMER0/TIMER0_Program.o
                0x00001800                TMR0_VoidOCMInterruptDisable
 .text.TMR0_VoidSetPreload
                0x0000181c       0x1c ./MCAL/MTIMER0/TIMER0_Program.o
                0x0000181c                TMR0_VoidSetPreload
 .text.TMR0_VoidSetOCMValue
                0x00001838       0x1c ./MCAL/MTIMER0/TIMER0_Program.o
                0x00001838                TMR0_VoidSetOCMValue
 .text.TMR0_OFV_SetCallBack
                0x00001854       0x24 ./MCAL/MTIMER0/TIMER0_Program.o
                0x00001854                TMR0_OFV_SetCallBack
 .text.TMR0_OCM_SetCallBack
                0x00001878       0x24 ./MCAL/MTIMER0/TIMER0_Program.o
                0x00001878                TMR0_OCM_SetCallBack
 .text.__vector_11
                0x0000189c       0x5a ./MCAL/MTIMER0/TIMER0_Program.o
                0x0000189c                __vector_11
 .text.__vector_10
                0x000018f6       0x5a ./MCAL/MTIMER0/TIMER0_Program.o
                0x000018f6                __vector_10
 .text.MTWI_voidMasterInt
                0x00001950       0x88 ./MCAL/MI2C/I2C_prog.o
                0x00001950                MTWI_voidMasterInt
 .text.MTWI_voidMasterSendStartCondition
                0x000019d8      0x13c ./MCAL/MI2C/I2C_prog.o
                0x000019d8                MTWI_voidMasterSendStartCondition
 .text.MTWI_voidMasterSendRepetedStartCondition
                0x00001b14      0x13c ./MCAL/MI2C/I2C_prog.o
                0x00001b14                MTWI_voidMasterSendRepetedStartCondition
 .text.MTWI_voidMasterSendAddress
                0x00001c50       0x4e ./MCAL/MI2C/I2C_prog.o
                0x00001c50                MTWI_voidMasterSendAddress
 .text.MTWI_voidMasterSendAddressToRead
                0x00001c9e       0x4e ./MCAL/MI2C/I2C_prog.o
                0x00001c9e                MTWI_voidMasterSendAddressToRead
 .text.MTWI_voidMasterSendData
                0x00001cec       0x4e ./MCAL/MI2C/I2C_prog.o
                0x00001cec                MTWI_voidMasterSendData
 .text.MTWI_voidMasterReadData
                0x00001d3a       0x46 ./MCAL/MI2C/I2C_prog.o
                0x00001d3a                MTWI_voidMasterReadData
 .text.MTWI_voidMasterReadDataWithNACK
                0x00001d80       0x46 ./MCAL/MI2C/I2C_prog.o
                0x00001d80                MTWI_voidMasterReadDataWithNACK
 .text.MTWI_voidMasterSendStopCondition
                0x00001dc6       0x16 ./MCAL/MI2C/I2C_prog.o
                0x00001dc6                MTWI_voidMasterSendStopCondition
 .text.MTWI_voidSlaveSetAddress
                0x00001ddc       0x1c ./MCAL/MI2C/I2C_prog.o
                0x00001ddc                MTWI_voidSlaveSetAddress
 .text.MTWI_voidSlaveReadData
                0x00001df8       0x78 ./MCAL/MI2C/I2C_prog.o
                0x00001df8                MTWI_voidSlaveReadData
 .text.MGINT_voidGlobalIntEnable
                0x00001e70       0x1c ./MCAL/MGINT/GINT_Program.o
                0x00001e70                MGINT_voidGlobalIntEnable
 .text.MGINT_voidGlobalIntDisable
                0x00001e8c       0x1c ./MCAL/MGINT/GINT_Program.o
                0x00001e8c                MGINT_voidGlobalIntDisable
 .text.MEXTI_voidExtInit
                0x00001ea8       0x54 ./MCAL/MEXTI/EXTI_Program.o
                0x00001ea8                MEXTI_voidExtInit
 .text.MEXTI_voidExtEnable
                0x00001efc       0x6e ./MCAL/MEXTI/EXTI_Program.o
                0x00001efc                MEXTI_voidExtEnable
 .text.MEXTI_voidExtDisable
                0x00001f6a       0x6e ./MCAL/MEXTI/EXTI_Program.o
                0x00001f6a                MEXTI_voidExtDisable
 .text.MEXTI_voidExt0CallBack
                0x00001fd8       0x24 ./MCAL/MEXTI/EXTI_Program.o
                0x00001fd8                MEXTI_voidExt0CallBack
 .text.MEXTI_voidExt1CallBack
                0x00001ffc       0x24 ./MCAL/MEXTI/EXTI_Program.o
                0x00001ffc                MEXTI_voidExt1CallBack
 .text.MEXTI_voidExt2CallBack
                0x00002020       0x24 ./MCAL/MEXTI/EXTI_Program.o
                0x00002020                MEXTI_voidExt2CallBack
 .text.__vector_1
                0x00002044       0x5a ./MCAL/MEXTI/EXTI_Program.o
                0x00002044                __vector_1
 .text.__vector_2
                0x0000209e       0x5a ./MCAL/MEXTI/EXTI_Program.o
                0x0000209e                __vector_2
 .text.__vector_3
                0x000020f8       0x5a ./MCAL/MEXTI/EXTI_Program.o
                0x000020f8                __vector_3
 .text.MDIO_void_SetDir
                0x00002152      0x200 ./MCAL/MDIO/DIO_Program.o
                0x00002152                MDIO_void_SetDir
 .text.MDIO_void_PinWrite
                0x00002352      0x200 ./MCAL/MDIO/DIO_Program.o
                0x00002352                MDIO_void_PinWrite
 .text.MDIO_u8_PinRead
                0x00002552      0x156 ./MCAL/MDIO/DIO_Program.o
                0x00002552                MDIO_u8_PinRead
 .text.MDIO_void_PinToggle
                0x000026a8       0xfa ./MCAL/MDIO/DIO_Program.o
                0x000026a8                MDIO_void_PinToggle
 .text.MDIO_void_PortSetDir
                0x000027a2       0x82 ./MCAL/MDIO/DIO_Program.o
                0x000027a2                MDIO_void_PortSetDir
 .text.MDIO_void_PortWrite
                0x00002824       0x82 ./MCAL/MDIO/DIO_Program.o
                0x00002824                MDIO_void_PortWrite
 .text.MDIO_u8_PortRead
                0x000028a6       0x82 ./MCAL/MDIO/DIO_Program.o
                0x000028a6                MDIO_u8_PortRead
 .text.MDIO_void_PortWriteHigh
                0x00002928       0x28 ./MCAL/MDIO/DIO_Program.o
                0x00002928                MDIO_void_PortWriteHigh
 .text.MADC_voidInit
                0x00002950       0x7e ./MCAL/MADC/ADC_Program.o
                0x00002950                MADC_voidInit
 .text.MADC_voidStartConv
                0x000029ce       0x66 ./MCAL/MADC/ADC_Program.o
                0x000029ce                MADC_voidStartConv
 .text.MADC_u16ReadOut
                0x00002a34       0x1c ./MCAL/MADC/ADC_Program.o
                0x00002a34                MADC_u16ReadOut
 .text.MADC_voidAdcCallBack
                0x00002a50       0x24 ./MCAL/MADC/ADC_Program.o
                0x00002a50                MADC_voidAdcCallBack
 .text.__vector_16
                0x00002a74       0x5a ./MCAL/MADC/ADC_Program.o
                0x00002a74                __vector_16
 .text.HUS_voidUsInit
                0x00002ace       0x18 ./HAL/HUS/HUS_Program.o
                0x00002ace                HUS_voidUsInit
 .text.HUS_u16CalcDistancd
                0x00002ae6      0x21e ./HAL/HUS/HUS_Program.o
                0x00002ae6                HUS_u16CalcDistancd
 .text.HUS_voidOvCounter
                0x00002d04       0x34 ./HAL/HUS/HUS_Program.o
                0x00002d04                HUS_voidOvCounter
 .text.HServoMotor
                0x00002d38      0x17e ./HAL/HSVM/SM_Program.o
                0x00002d38                HServoMotor
 .text.HLCD_voidInit
                0x00002eb6      0x4e4 ./HAL/HLCD/LCD_Program.o
                0x00002eb6                HLCD_voidInit
 .text.HLCD_voidSendData
                0x0000339a      0x162 ./HAL/HLCD/LCD_Program.o
                0x0000339a                HLCD_voidSendData
 .text.HLCD_voidSendCom
                0x000034fc      0x162 ./HAL/HLCD/LCD_Program.o
                0x000034fc                HLCD_voidSendCom
 .text.HLCD_voidSendString
                0x0000365e       0x46 ./HAL/HLCD/LCD_Program.o
                0x0000365e                HLCD_voidSendString
 .text.HLCD_voidSetCursor_DDRAM
                0x000036a4       0x54 ./HAL/HLCD/LCD_Program.o
                0x000036a4                HLCD_voidSetCursor_DDRAM
 .text.HLCD_voidSendSpecial
                0x000036f8       0x76 ./HAL/HLCD/LCD_Program.o
                0x000036f8                HLCD_voidSendSpecial
 .text.HKP_voidKpInit
                0x0000376e       0x1e ./HAL/HKP/KP_Program.o
                0x0000376e                HKP_voidKpInit
 .text.HKP_u8GetPressedValue
                0x0000378c      0x18e ./HAL/HKP/KP_Program.o
                0x0000378c                HKP_u8GetPressedValue
 .text.HEEPROM_voidInit
                0x0000391a       0x32 ./HAL/EXT_EEPROM/EEPROM_prog.o
                0x0000391a                HEEPROM_voidInit
 .text.HEEPROM_voidWriteByte
                0x0000394c       0x48 ./HAL/EXT_EEPROM/EEPROM_prog.o
                0x0000394c                HEEPROM_voidWriteByte
 .text.HEEPROM_u8ReadByte
                0x00003994       0x60 ./HAL/EXT_EEPROM/EEPROM_prog.o
                0x00003994                HEEPROM_u8ReadByte
 .text.Waiting_For_Password
                0x000039f4       0x44 ./app.o
                0x000039f4                Waiting_For_Password
 .text.Detecting_BasSystem
                0x00003a38       0x24 ./app.o
                0x00003a38                Detecting_BasSystem
 .text.Detecting_SlSystem
                0x00003a5c       0x24 ./app.o
                0x00003a5c                Detecting_SlSystem
 .text.Detecting_CSSSystem
                0x00003a80       0x24 ./app.o
                0x00003a80                Detecting_CSSSystem
 .text.Break_Assistance_System
                0x00003aa4       0x90 ./app.o
                0x00003aa4                Break_Assistance_System
 .text.SL_System
                0x00003b34       0x28 ./app.o
                0x00003b34                SL_System
 .text.CSS_System
                0x00003b5c       0x28 ./app.o
                0x00003b5c                CSS_System
 .text.Drive_Monitoring_System
                0x00003b84       0x9e ./app.o
                0x00003b84                Drive_Monitoring_System
 .text.Time_Count_SameState
                0x00003c22       0x18 ./app.o
                0x00003c22                Time_Count_SameState
 .text.main     0x00003c3a      0x5ba ./main.o
                0x00003c3a                main
 .text.libgcc   0x000041f4       0x3e d:/iti_embedded/imt tools/sdk/imt_sdk_win_64/winavr/bin/../lib/gcc/avr/4.3.3/avr5\libgcc.a(_mulsi3.o)
                0x000041f4                __mulsi3
 .text.libgcc   0x00004232       0x44 d:/iti_embedded/imt tools/sdk/imt_sdk_win_64/winavr/bin/../lib/gcc/avr/4.3.3/avr5\libgcc.a(_udivmodsi4.o)
                0x00004232                __udivmodsi4
 .text.libgcc   0x00004276        0x0 d:/iti_embedded/imt tools/sdk/imt_sdk_win_64/winavr/bin/../lib/gcc/avr/4.3.3/avr5\libgcc.a(_exit.o)
 .text.libgcc   0x00004276        0x0 d:/iti_embedded/imt tools/sdk/imt_sdk_win_64/winavr/bin/../lib/gcc/avr/4.3.3/avr5\libgcc.a(_copy_data.o)
 .text.libgcc   0x00004276        0x0 d:/iti_embedded/imt tools/sdk/imt_sdk_win_64/winavr/bin/../lib/gcc/avr/4.3.3/avr5\libgcc.a(_clear_bss.o)
 .text.libgcc   0x00004276       0x38 d:/iti_embedded/imt tools/sdk/imt_sdk_win_64/winavr/bin/../lib/gcc/avr/4.3.3/avr5\libgcc.a(_prologue.o)
                0x00004276                __prologue_saves__
 .text.libgcc   0x000042ae       0x36 d:/iti_embedded/imt tools/sdk/imt_sdk_win_64/winavr/bin/../lib/gcc/avr/4.3.3/avr5\libgcc.a(_epilogue.o)
                0x000042ae                __epilogue_restores__
 .text.avr-libc
                0x000042e4       0x42 d:/iti_embedded/imt tools/sdk/imt_sdk_win_64/winavr/bin/../lib/gcc/avr/4.3.3/../../../../avr/lib/avr5\libc.a(itoa.o)
                0x000042e4                itoa
 .text.avr-libc
                0x00004326       0x20 d:/iti_embedded/imt tools/sdk/imt_sdk_win_64/winavr/bin/../lib/gcc/avr/4.3.3/../../../../avr/lib/avr5\libc.a(strrev.o)
                0x00004326                strrev
 .text.libgcc   0x00004346       0x28 d:/iti_embedded/imt tools/sdk/imt_sdk_win_64/winavr/bin/../lib/gcc/avr/4.3.3/avr5\libgcc.a(_udivmodhi4.o)
                0x00004346                __udivmodhi4
                0x0000436e                . = ALIGN (0x2)
 *(.fini9)
 .fini9         0x0000436e        0x0 d:/iti_embedded/imt tools/sdk/imt_sdk_win_64/winavr/bin/../lib/gcc/avr/4.3.3/avr5\libgcc.a(_exit.o)
                0x0000436e                exit
                0x0000436e                _exit
 *(.fini9)
 *(.fini8)
 *(.fini8)
 *(.fini7)
 *(.fini7)
 *(.fini6)
 *(.fini6)
 *(.fini5)
 *(.fini5)
 *(.fini4)
 *(.fini4)
 *(.fini3)
 *(.fini3)
 *(.fini2)
 *(.fini2)
 *(.fini1)
 *(.fini1)
 *(.fini0)
 .fini0         0x0000436e        0x4 d:/iti_embedded/imt tools/sdk/imt_sdk_win_64/winavr/bin/../lib/gcc/avr/4.3.3/avr5\libgcc.a(_exit.o)
 *(.fini0)
                0x00004372                _etext = .

.data           0x00800060      0x156 load address 0x00004372
                0x00800060                PROVIDE (__data_start, .)
 *(.data)
 .data          0x00800060        0x0 d:/iti_embedded/imt tools/sdk/imt_sdk_win_64/winavr/bin/../lib/gcc/avr/4.3.3/../../../../avr/lib/avr5/crtm32.o
 .data          0x00800060        0x0 ./MCAL/MUART/UART_prog.o
 .data          0x00800060        0x0 ./MCAL/MTIMER2/TIMER2_Program.o
 .data          0x00800060        0x0 ./MCAL/MTIMER1/TIMER1_Program.o
 .data          0x00800060        0x0 ./MCAL/MTIMER0/TIMER0_Program.o
 .data          0x00800060        0x0 ./MCAL/MI2C/I2C_prog.o
 .data          0x00800060        0x0 ./MCAL/MGINT/GINT_Program.o
 .data          0x00800060        0x0 ./MCAL/MEXTI/EXTI_Program.o
 .data          0x00800060        0x0 ./MCAL/MDIO/DIO_Program.o
 .data          0x00800060        0x0 ./MCAL/MADC/ADC_Program.o
 .data          0x00800060        0x0 ./HAL/HUS/HUS_Program.o
 .data          0x00800060        0x0 ./HAL/HSVM/SM_Program.o
 .data          0x00800060        0x0 ./HAL/HLCD/LCD_Program.o
 .data          0x00800060        0x0 ./HAL/HKP/KP_Program.o
 .data          0x00800060        0x0 ./HAL/EXT_EEPROM/EEPROM_prog.o
 .data          0x00800060       0x17 ./app.o
 .data          0x00800077       0x26 ./main.o
 .data          0x0080009d        0x0 d:/iti_embedded/imt tools/sdk/imt_sdk_win_64/winavr/bin/../lib/gcc/avr/4.3.3/avr5\libgcc.a(_mulsi3.o)
 .data          0x0080009d        0x0 d:/iti_embedded/imt tools/sdk/imt_sdk_win_64/winavr/bin/../lib/gcc/avr/4.3.3/avr5\libgcc.a(_udivmodsi4.o)
 .data          0x0080009d        0x0 d:/iti_embedded/imt tools/sdk/imt_sdk_win_64/winavr/bin/../lib/gcc/avr/4.3.3/avr5\libgcc.a(_exit.o)
 .data          0x0080009d        0x0 d:/iti_embedded/imt tools/sdk/imt_sdk_win_64/winavr/bin/../lib/gcc/avr/4.3.3/avr5\libgcc.a(_copy_data.o)
 .data          0x0080009d        0x0 d:/iti_embedded/imt tools/sdk/imt_sdk_win_64/winavr/bin/../lib/gcc/avr/4.3.3/avr5\libgcc.a(_clear_bss.o)
 .data          0x0080009d        0x0 d:/iti_embedded/imt tools/sdk/imt_sdk_win_64/winavr/bin/../lib/gcc/avr/4.3.3/avr5\libgcc.a(_fixunssfsi.o)
 .data          0x0080009d        0x0 d:/iti_embedded/imt tools/sdk/imt_sdk_win_64/winavr/bin/../lib/gcc/avr/4.3.3/avr5\libgcc.a(_addsub_sf.o)
 .data          0x0080009d        0x0 d:/iti_embedded/imt tools/sdk/imt_sdk_win_64/winavr/bin/../lib/gcc/avr/4.3.3/avr5\libgcc.a(_mul_sf.o)
 .data          0x0080009d        0x0 d:/iti_embedded/imt tools/sdk/imt_sdk_win_64/winavr/bin/../lib/gcc/avr/4.3.3/avr5\libgcc.a(_div_sf.o)
 .data          0x0080009d        0x0 d:/iti_embedded/imt tools/sdk/imt_sdk_win_64/winavr/bin/../lib/gcc/avr/4.3.3/avr5\libgcc.a(_eq_sf.o)
 .data          0x0080009d        0x0 d:/iti_embedded/imt tools/sdk/imt_sdk_win_64/winavr/bin/../lib/gcc/avr/4.3.3/avr5\libgcc.a(_gt_sf.o)
 .data          0x0080009d        0x0 d:/iti_embedded/imt tools/sdk/imt_sdk_win_64/winavr/bin/../lib/gcc/avr/4.3.3/avr5\libgcc.a(_ge_sf.o)
 .data          0x0080009d        0x0 d:/iti_embedded/imt tools/sdk/imt_sdk_win_64/winavr/bin/../lib/gcc/avr/4.3.3/avr5\libgcc.a(_lt_sf.o)
 .data          0x0080009d        0x0 d:/iti_embedded/imt tools/sdk/imt_sdk_win_64/winavr/bin/../lib/gcc/avr/4.3.3/avr5\libgcc.a(_le_sf.o)
 .data          0x0080009d        0x0 d:/iti_embedded/imt tools/sdk/imt_sdk_win_64/winavr/bin/../lib/gcc/avr/4.3.3/avr5\libgcc.a(_sf_to_si.o)
 .data          0x0080009d        0x8 d:/iti_embedded/imt tools/sdk/imt_sdk_win_64/winavr/bin/../lib/gcc/avr/4.3.3/avr5\libgcc.a(_thenan_sf.o)
                0x0080009d                __thenan_sf
 .data          0x008000a5        0x0 d:/iti_embedded/imt tools/sdk/imt_sdk_win_64/winavr/bin/../lib/gcc/avr/4.3.3/avr5\libgcc.a(_usi_to_sf.o)
 .data          0x008000a5        0x0 d:/iti_embedded/imt tools/sdk/imt_sdk_win_64/winavr/bin/../lib/gcc/avr/4.3.3/avr5\libgcc.a(_prologue.o)
 .data          0x008000a5        0x0 d:/iti_embedded/imt tools/sdk/imt_sdk_win_64/winavr/bin/../lib/gcc/avr/4.3.3/avr5\libgcc.a(_epilogue.o)
 .data          0x008000a5        0x0 d:/iti_embedded/imt tools/sdk/imt_sdk_win_64/winavr/bin/../lib/gcc/avr/4.3.3/avr5\libgcc.a(_clzsi2.o)
 .data          0x008000a5        0x0 d:/iti_embedded/imt tools/sdk/imt_sdk_win_64/winavr/bin/../lib/gcc/avr/4.3.3/avr5\libgcc.a(_pack_sf.o)
 .data          0x008000a5        0x0 d:/iti_embedded/imt tools/sdk/imt_sdk_win_64/winavr/bin/../lib/gcc/avr/4.3.3/avr5\libgcc.a(_unpack_sf.o)
 .data          0x008000a5        0x0 d:/iti_embedded/imt tools/sdk/imt_sdk_win_64/winavr/bin/../lib/gcc/avr/4.3.3/avr5\libgcc.a(_fpcmp_parts_sf.o)
 .data          0x008000a5      0x100 d:/iti_embedded/imt tools/sdk/imt_sdk_win_64/winavr/bin/../lib/gcc/avr/4.3.3/avr5\libgcc.a(_clz.o)
                0x008000a5                __clz_tab
 .data          0x008001a5        0x0 d:/iti_embedded/imt tools/sdk/imt_sdk_win_64/winavr/bin/../lib/gcc/avr/4.3.3/../../../../avr/lib/avr5\libc.a(itoa.o)
 .data          0x008001a5        0x0 d:/iti_embedded/imt tools/sdk/imt_sdk_win_64/winavr/bin/../lib/gcc/avr/4.3.3/../../../../avr/lib/avr5\libc.a(strrev.o)
 .data          0x008001a5        0x0 d:/iti_embedded/imt tools/sdk/imt_sdk_win_64/winavr/bin/../lib/gcc/avr/4.3.3/avr5\libgcc.a(_udivmodhi4.o)
 *(.data*)
 .data.G_u8PressedValue
                0x008001a5        0x1 ./HAL/HKP/KP_Program.o
                0x008001a5                G_u8PressedValue
 .data.G_u8KpChars
                0x008001a6       0x10 ./HAL/HKP/KP_Program.o
                0x008001a6                G_u8KpChars
 *(.rodata)
 *(.rodata*)
 *(.gnu.linkonce.d*)
                0x008001b6                . = ALIGN (0x2)
                0x008001b6                _edata = .
                0x008001b6                PROVIDE (__data_end, .)

.bss            0x008001b6       0x28
                0x008001b6                PROVIDE (__bss_start, .)
 *(.bss)
 .bss           0x008001b6        0x0 d:/iti_embedded/imt tools/sdk/imt_sdk_win_64/winavr/bin/../lib/gcc/avr/4.3.3/../../../../avr/lib/avr5/crtm32.o
 .bss           0x008001b6        0x0 ./MCAL/MUART/UART_prog.o
 .bss           0x008001b6        0x0 ./MCAL/MTIMER2/TIMER2_Program.o
 .bss           0x008001b6        0x0 ./MCAL/MTIMER1/TIMER1_Program.o
 .bss           0x008001b6        0x0 ./MCAL/MTIMER0/TIMER0_Program.o
 .bss           0x008001b6        0x0 ./MCAL/MI2C/I2C_prog.o
 .bss           0x008001b6        0x0 ./MCAL/MGINT/GINT_Program.o
 .bss           0x008001b6        0x0 ./MCAL/MEXTI/EXTI_Program.o
 .bss           0x008001b6        0x0 ./MCAL/MDIO/DIO_Program.o
 .bss           0x008001b6        0x0 ./MCAL/MADC/ADC_Program.o
 .bss           0x008001b6        0x0 ./HAL/HUS/HUS_Program.o
 .bss           0x008001b6        0x0 ./HAL/HSVM/SM_Program.o
 .bss           0x008001b6        0x0 ./HAL/HLCD/LCD_Program.o
 .bss           0x008001b6        0x0 ./HAL/HKP/KP_Program.o
 .bss           0x008001b6        0x0 ./HAL/EXT_EEPROM/EEPROM_prog.o
 .bss           0x008001b6        0x0 ./app.o
 .bss           0x008001b6        0x0 ./main.o
 .bss           0x008001b6        0x0 d:/iti_embedded/imt tools/sdk/imt_sdk_win_64/winavr/bin/../lib/gcc/avr/4.3.3/avr5\libgcc.a(_mulsi3.o)
 .bss           0x008001b6        0x0 d:/iti_embedded/imt tools/sdk/imt_sdk_win_64/winavr/bin/../lib/gcc/avr/4.3.3/avr5\libgcc.a(_udivmodsi4.o)
 .bss           0x008001b6        0x0 d:/iti_embedded/imt tools/sdk/imt_sdk_win_64/winavr/bin/../lib/gcc/avr/4.3.3/avr5\libgcc.a(_exit.o)
 .bss           0x008001b6        0x0 d:/iti_embedded/imt tools/sdk/imt_sdk_win_64/winavr/bin/../lib/gcc/avr/4.3.3/avr5\libgcc.a(_copy_data.o)
 .bss           0x008001b6        0x0 d:/iti_embedded/imt tools/sdk/imt_sdk_win_64/winavr/bin/../lib/gcc/avr/4.3.3/avr5\libgcc.a(_clear_bss.o)
 .bss           0x008001b6        0x0 d:/iti_embedded/imt tools/sdk/imt_sdk_win_64/winavr/bin/../lib/gcc/avr/4.3.3/avr5\libgcc.a(_fixunssfsi.o)
 .bss           0x008001b6        0x0 d:/iti_embedded/imt tools/sdk/imt_sdk_win_64/winavr/bin/../lib/gcc/avr/4.3.3/avr5\libgcc.a(_addsub_sf.o)
 .bss           0x008001b6        0x0 d:/iti_embedded/imt tools/sdk/imt_sdk_win_64/winavr/bin/../lib/gcc/avr/4.3.3/avr5\libgcc.a(_mul_sf.o)
 .bss           0x008001b6        0x0 d:/iti_embedded/imt tools/sdk/imt_sdk_win_64/winavr/bin/../lib/gcc/avr/4.3.3/avr5\libgcc.a(_div_sf.o)
 .bss           0x008001b6        0x0 d:/iti_embedded/imt tools/sdk/imt_sdk_win_64/winavr/bin/../lib/gcc/avr/4.3.3/avr5\libgcc.a(_eq_sf.o)
 .bss           0x008001b6        0x0 d:/iti_embedded/imt tools/sdk/imt_sdk_win_64/winavr/bin/../lib/gcc/avr/4.3.3/avr5\libgcc.a(_gt_sf.o)
 .bss           0x008001b6        0x0 d:/iti_embedded/imt tools/sdk/imt_sdk_win_64/winavr/bin/../lib/gcc/avr/4.3.3/avr5\libgcc.a(_ge_sf.o)
 .bss           0x008001b6        0x0 d:/iti_embedded/imt tools/sdk/imt_sdk_win_64/winavr/bin/../lib/gcc/avr/4.3.3/avr5\libgcc.a(_lt_sf.o)
 .bss           0x008001b6        0x0 d:/iti_embedded/imt tools/sdk/imt_sdk_win_64/winavr/bin/../lib/gcc/avr/4.3.3/avr5\libgcc.a(_le_sf.o)
 .bss           0x008001b6        0x0 d:/iti_embedded/imt tools/sdk/imt_sdk_win_64/winavr/bin/../lib/gcc/avr/4.3.3/avr5\libgcc.a(_sf_to_si.o)
 .bss           0x008001b6        0x0 d:/iti_embedded/imt tools/sdk/imt_sdk_win_64/winavr/bin/../lib/gcc/avr/4.3.3/avr5\libgcc.a(_thenan_sf.o)
 .bss           0x008001b6        0x0 d:/iti_embedded/imt tools/sdk/imt_sdk_win_64/winavr/bin/../lib/gcc/avr/4.3.3/avr5\libgcc.a(_usi_to_sf.o)
 .bss           0x008001b6        0x0 d:/iti_embedded/imt tools/sdk/imt_sdk_win_64/winavr/bin/../lib/gcc/avr/4.3.3/avr5\libgcc.a(_prologue.o)
 .bss           0x008001b6        0x0 d:/iti_embedded/imt tools/sdk/imt_sdk_win_64/winavr/bin/../lib/gcc/avr/4.3.3/avr5\libgcc.a(_epilogue.o)
 .bss           0x008001b6        0x0 d:/iti_embedded/imt tools/sdk/imt_sdk_win_64/winavr/bin/../lib/gcc/avr/4.3.3/avr5\libgcc.a(_clzsi2.o)
 .bss           0x008001b6        0x0 d:/iti_embedded/imt tools/sdk/imt_sdk_win_64/winavr/bin/../lib/gcc/avr/4.3.3/avr5\libgcc.a(_pack_sf.o)
 .bss           0x008001b6        0x0 d:/iti_embedded/imt tools/sdk/imt_sdk_win_64/winavr/bin/../lib/gcc/avr/4.3.3/avr5\libgcc.a(_unpack_sf.o)
 .bss           0x008001b6        0x0 d:/iti_embedded/imt tools/sdk/imt_sdk_win_64/winavr/bin/../lib/gcc/avr/4.3.3/avr5\libgcc.a(_fpcmp_parts_sf.o)
 .bss           0x008001b6        0x0 d:/iti_embedded/imt tools/sdk/imt_sdk_win_64/winavr/bin/../lib/gcc/avr/4.3.3/avr5\libgcc.a(_clz.o)
 .bss           0x008001b6        0x0 d:/iti_embedded/imt tools/sdk/imt_sdk_win_64/winavr/bin/../lib/gcc/avr/4.3.3/../../../../avr/lib/avr5\libc.a(itoa.o)
 .bss           0x008001b6        0x0 d:/iti_embedded/imt tools/sdk/imt_sdk_win_64/winavr/bin/../lib/gcc/avr/4.3.3/../../../../avr/lib/avr5\libc.a(strrev.o)
 .bss           0x008001b6        0x0 d:/iti_embedded/imt tools/sdk/imt_sdk_win_64/winavr/bin/../lib/gcc/avr/4.3.3/avr5\libgcc.a(_udivmodhi4.o)
 *(.bss*)
 .bss.GP_OvfCallBack
                0x008001b6        0x2 ./MCAL/MTIMER2/TIMER2_Program.o
 .bss.GP_OCMCallBack
                0x008001b8        0x2 ./MCAL/MTIMER2/TIMER2_Program.o
 .bss.G_u32Counter
                0x008001ba        0x4 ./MCAL/MTIMER1/TIMER1_Program.o
                0x008001ba                G_u32Counter
 .bss.GP_OvfCallBack
                0x008001be        0x2 ./MCAL/MTIMER0/TIMER0_Program.o
 .bss.GP_OCMCallBack
                0x008001c0        0x2 ./MCAL/MTIMER0/TIMER0_Program.o
 .bss.GP_AdcCallBack
                0x008001c2        0x2 ./MCAL/MADC/ADC_Program.o
 .bss.G_u8SystemMode
                0x008001c4        0x1 ./app.o
                0x008001c4                G_u8SystemMode
 .bss.G_u8SlMode
                0x008001c5        0x1 ./app.o
                0x008001c5                G_u8SlMode
 .bss.G_u8CSSMode
                0x008001c6        0x1 ./app.o
                0x008001c6                G_u8CSSMode
 .bss.G_u16Kilometers
                0x008001c7        0x2 ./app.o
                0x008001c7                G_u16Kilometers
 .bss.G_Timer2IntEnabled
                0x008001c9        0x1 ./app.o
                0x008001c9                G_Timer2IntEnabled
 .bss.G_BuzzerEnabled
                0x008001ca        0x1 ./app.o
                0x008001ca                G_BuzzerEnabled
 .bss.DMS_Counter
                0x008001cb        0x4 ./app.o
                0x008001cb                DMS_Counter
 .bss.L_u32Counter1.1635
                0x008001cf        0x1 ./app.o
 *(COMMON)
 COMMON         0x008001d0        0x8 ./MCAL/MTIMER1/TIMER1_Program.o
                0x008001d0                GP_CM1ACallback
                0x008001d2                GP_CapCallBack
                0x008001d4                GP_OvCallback
                0x008001d6                GP_CM1BCallback
 COMMON         0x008001d8        0x6 ./MCAL/MEXTI/EXTI_Program.o
                0x008001d8                GP_EXTI0CallBack
                0x008001da                GP_EXTI1CallBack
                0x008001dc                GP_EXTI2CallBack
                0x008001de                PROVIDE (__bss_end, .)
                0x00004372                __data_load_start = LOADADDR (.data)
                0x000044c8                __data_load_end = (__data_load_start + SIZEOF (.data))

.noinit         0x008001de        0x0
                0x008001de                PROVIDE (__noinit_start, .)
 *(.noinit*)
                0x008001de                PROVIDE (__noinit_end, .)
                0x008001de                _end = .
                0x008001de                PROVIDE (__heap_start, .)

.eeprom         0x00810000        0x0
 *(.eeprom*)
                0x00810000                __eeprom_end = .

.fuse
 *(.fuse)
 *(.lfuse)
 *(.hfuse)
 *(.efuse)

.lock
 *(.lock*)

.signature
 *(.signature*)

.stab           0x00000000     0x4ad0
 *(.stab)
 .stab          0x00000000      0x51c ./MCAL/MUART/UART_prog.o
 .stab          0x0000051c      0x3fc ./MCAL/MTIMER2/TIMER2_Program.o
                                0x408 (size before relaxing)
 .stab          0x00000918      0x69c ./MCAL/MTIMER1/TIMER1_Program.o
                                0x6a8 (size before relaxing)
 .stab          0x00000fb4      0x3fc ./MCAL/MTIMER0/TIMER0_Program.o
                                0x408 (size before relaxing)
 .stab          0x000013b0      0x684 ./MCAL/MI2C/I2C_prog.o
                                0x81c (size before relaxing)
 .stab          0x00001a34      0x1bc ./MCAL/MGINT/GINT_Program.o
                                0x1c8 (size before relaxing)
 .stab          0x00001bf0      0x3e4 ./MCAL/MEXTI/EXTI_Program.o
                                0x3f0 (size before relaxing)
 .stab          0x00001fd4      0x600 ./MCAL/MDIO/DIO_Program.o
                                0x60c (size before relaxing)
 .stab          0x000025d4      0x30c ./MCAL/MADC/ADC_Program.o
                                0x318 (size before relaxing)
 .stab          0x000028e0      0x390 ./HAL/HUS/HUS_Program.o
                                0x528 (size before relaxing)
 .stab          0x00002c70      0x1f8 ./HAL/HSVM/SM_Program.o
                                0x204 (size before relaxing)
 .stab          0x00002e68      0x9f0 ./HAL/HLCD/LCD_Program.o
                                0xb88 (size before relaxing)
 .stab          0x00003858      0x354 ./HAL/HKP/KP_Program.o
                                0x4ec (size before relaxing)
 .stab          0x00003bac      0x318 ./HAL/EXT_EEPROM/EEPROM_prog.o
                                0x324 (size before relaxing)
 .stab          0x00003ec4      0x5a0 ./app.o
                                0x78c (size before relaxing)
 .stab          0x00004464      0x66c ./main.o
                                0x8dc (size before relaxing)

.stabstr        0x00000000     0x1ec5
 *(.stabstr)
 .stabstr       0x00000000     0x1ec5 ./MCAL/MUART/UART_prog.o

.stab.excl
 *(.stab.excl)

.stab.exclstr
 *(.stab.exclstr)

.stab.index
 *(.stab.index)

.stab.indexstr
 *(.stab.indexstr)

.comment
 *(.comment)

.debug
 *(.debug)

.line
 *(.line)

.debug_srcinfo
 *(.debug_srcinfo)

.debug_sfnames
 *(.debug_sfnames)

.debug_aranges  0x00000000      0x1e0
 *(.debug_aranges)
 .debug_aranges
                0x00000000       0x20 d:/iti_embedded/imt tools/sdk/imt_sdk_win_64/winavr/bin/../lib/gcc/avr/4.3.3/avr5\libgcc.a(_fixunssfsi.o)
 .debug_aranges
                0x00000020       0x20 d:/iti_embedded/imt tools/sdk/imt_sdk_win_64/winavr/bin/../lib/gcc/avr/4.3.3/avr5\libgcc.a(_addsub_sf.o)
 .debug_aranges
                0x00000040       0x20 d:/iti_embedded/imt tools/sdk/imt_sdk_win_64/winavr/bin/../lib/gcc/avr/4.3.3/avr5\libgcc.a(_mul_sf.o)
 .debug_aranges
                0x00000060       0x20 d:/iti_embedded/imt tools/sdk/imt_sdk_win_64/winavr/bin/../lib/gcc/avr/4.3.3/avr5\libgcc.a(_div_sf.o)
 .debug_aranges
                0x00000080       0x20 d:/iti_embedded/imt tools/sdk/imt_sdk_win_64/winavr/bin/../lib/gcc/avr/4.3.3/avr5\libgcc.a(_eq_sf.o)
 .debug_aranges
                0x000000a0       0x20 d:/iti_embedded/imt tools/sdk/imt_sdk_win_64/winavr/bin/../lib/gcc/avr/4.3.3/avr5\libgcc.a(_gt_sf.o)
 .debug_aranges
                0x000000c0       0x20 d:/iti_embedded/imt tools/sdk/imt_sdk_win_64/winavr/bin/../lib/gcc/avr/4.3.3/avr5\libgcc.a(_ge_sf.o)
 .debug_aranges
                0x000000e0       0x20 d:/iti_embedded/imt tools/sdk/imt_sdk_win_64/winavr/bin/../lib/gcc/avr/4.3.3/avr5\libgcc.a(_lt_sf.o)
 .debug_aranges
                0x00000100       0x20 d:/iti_embedded/imt tools/sdk/imt_sdk_win_64/winavr/bin/../lib/gcc/avr/4.3.3/avr5\libgcc.a(_le_sf.o)
 .debug_aranges
                0x00000120       0x20 d:/iti_embedded/imt tools/sdk/imt_sdk_win_64/winavr/bin/../lib/gcc/avr/4.3.3/avr5\libgcc.a(_sf_to_si.o)
 .debug_aranges
                0x00000140       0x20 d:/iti_embedded/imt tools/sdk/imt_sdk_win_64/winavr/bin/../lib/gcc/avr/4.3.3/avr5\libgcc.a(_usi_to_sf.o)
 .debug_aranges
                0x00000160       0x20 d:/iti_embedded/imt tools/sdk/imt_sdk_win_64/winavr/bin/../lib/gcc/avr/4.3.3/avr5\libgcc.a(_clzsi2.o)
 .debug_aranges
                0x00000180       0x20 d:/iti_embedded/imt tools/sdk/imt_sdk_win_64/winavr/bin/../lib/gcc/avr/4.3.3/avr5\libgcc.a(_pack_sf.o)
 .debug_aranges
                0x000001a0       0x20 d:/iti_embedded/imt tools/sdk/imt_sdk_win_64/winavr/bin/../lib/gcc/avr/4.3.3/avr5\libgcc.a(_unpack_sf.o)
 .debug_aranges
                0x000001c0       0x20 d:/iti_embedded/imt tools/sdk/imt_sdk_win_64/winavr/bin/../lib/gcc/avr/4.3.3/avr5\libgcc.a(_fpcmp_parts_sf.o)

.debug_pubnames
                0x00000000      0x22e
 *(.debug_pubnames)
 .debug_pubnames
                0x00000000       0x23 d:/iti_embedded/imt tools/sdk/imt_sdk_win_64/winavr/bin/../lib/gcc/avr/4.3.3/avr5\libgcc.a(_fixunssfsi.o)
 .debug_pubnames
                0x00000023       0x2c d:/iti_embedded/imt tools/sdk/imt_sdk_win_64/winavr/bin/../lib/gcc/avr/4.3.3/avr5\libgcc.a(_addsub_sf.o)
 .debug_pubnames
                0x0000004f       0x1f d:/iti_embedded/imt tools/sdk/imt_sdk_win_64/winavr/bin/../lib/gcc/avr/4.3.3/avr5\libgcc.a(_mul_sf.o)
 .debug_pubnames
                0x0000006e       0x1f d:/iti_embedded/imt tools/sdk/imt_sdk_win_64/winavr/bin/../lib/gcc/avr/4.3.3/avr5\libgcc.a(_div_sf.o)
 .debug_pubnames
                0x0000008d       0x1e d:/iti_embedded/imt tools/sdk/imt_sdk_win_64/winavr/bin/../lib/gcc/avr/4.3.3/avr5\libgcc.a(_eq_sf.o)
 .debug_pubnames
                0x000000ab       0x1e d:/iti_embedded/imt tools/sdk/imt_sdk_win_64/winavr/bin/../lib/gcc/avr/4.3.3/avr5\libgcc.a(_gt_sf.o)
 .debug_pubnames
                0x000000c9       0x1e d:/iti_embedded/imt tools/sdk/imt_sdk_win_64/winavr/bin/../lib/gcc/avr/4.3.3/avr5\libgcc.a(_ge_sf.o)
 .debug_pubnames
                0x000000e7       0x1e d:/iti_embedded/imt tools/sdk/imt_sdk_win_64/winavr/bin/../lib/gcc/avr/4.3.3/avr5\libgcc.a(_lt_sf.o)
 .debug_pubnames
                0x00000105       0x1e d:/iti_embedded/imt tools/sdk/imt_sdk_win_64/winavr/bin/../lib/gcc/avr/4.3.3/avr5\libgcc.a(_le_sf.o)
 .debug_pubnames
                0x00000123       0x20 d:/iti_embedded/imt tools/sdk/imt_sdk_win_64/winavr/bin/../lib/gcc/avr/4.3.3/avr5\libgcc.a(_sf_to_si.o)
 .debug_pubnames
                0x00000143       0x22 d:/iti_embedded/imt tools/sdk/imt_sdk_win_64/winavr/bin/../lib/gcc/avr/4.3.3/avr5\libgcc.a(_thenan_sf.o)
 .debug_pubnames
                0x00000165       0x24 d:/iti_embedded/imt tools/sdk/imt_sdk_win_64/winavr/bin/../lib/gcc/avr/4.3.3/avr5\libgcc.a(_usi_to_sf.o)
 .debug_pubnames
                0x00000189       0x1f d:/iti_embedded/imt tools/sdk/imt_sdk_win_64/winavr/bin/../lib/gcc/avr/4.3.3/avr5\libgcc.a(_clzsi2.o)
 .debug_pubnames
                0x000001a8       0x1f d:/iti_embedded/imt tools/sdk/imt_sdk_win_64/winavr/bin/../lib/gcc/avr/4.3.3/avr5\libgcc.a(_pack_sf.o)
 .debug_pubnames
                0x000001c7       0x21 d:/iti_embedded/imt tools/sdk/imt_sdk_win_64/winavr/bin/../lib/gcc/avr/4.3.3/avr5\libgcc.a(_unpack_sf.o)
 .debug_pubnames
                0x000001e8       0x26 d:/iti_embedded/imt tools/sdk/imt_sdk_win_64/winavr/bin/../lib/gcc/avr/4.3.3/avr5\libgcc.a(_fpcmp_parts_sf.o)
 .debug_pubnames
                0x0000020e       0x20 d:/iti_embedded/imt tools/sdk/imt_sdk_win_64/winavr/bin/../lib/gcc/avr/4.3.3/avr5\libgcc.a(_clz.o)

.debug_info     0x00000000     0x2909
 *(.debug_info)
 .debug_info    0x00000000       0xb1 d:/iti_embedded/imt tools/sdk/imt_sdk_win_64/winavr/bin/../lib/gcc/avr/4.3.3/avr5\libgcc.a(_fixunssfsi.o)
 .debug_info    0x000000b1      0x47a d:/iti_embedded/imt tools/sdk/imt_sdk_win_64/winavr/bin/../lib/gcc/avr/4.3.3/avr5\libgcc.a(_addsub_sf.o)
 .debug_info    0x0000052b      0x485 d:/iti_embedded/imt tools/sdk/imt_sdk_win_64/winavr/bin/../lib/gcc/avr/4.3.3/avr5\libgcc.a(_mul_sf.o)
 .debug_info    0x000009b0      0x3fc d:/iti_embedded/imt tools/sdk/imt_sdk_win_64/winavr/bin/../lib/gcc/avr/4.3.3/avr5\libgcc.a(_div_sf.o)
 .debug_info    0x00000dac      0x27f d:/iti_embedded/imt tools/sdk/imt_sdk_win_64/winavr/bin/../lib/gcc/avr/4.3.3/avr5\libgcc.a(_eq_sf.o)
 .debug_info    0x0000102b      0x27f d:/iti_embedded/imt tools/sdk/imt_sdk_win_64/winavr/bin/../lib/gcc/avr/4.3.3/avr5\libgcc.a(_gt_sf.o)
 .debug_info    0x000012aa      0x27f d:/iti_embedded/imt tools/sdk/imt_sdk_win_64/winavr/bin/../lib/gcc/avr/4.3.3/avr5\libgcc.a(_ge_sf.o)
 .debug_info    0x00001529      0x27f d:/iti_embedded/imt tools/sdk/imt_sdk_win_64/winavr/bin/../lib/gcc/avr/4.3.3/avr5\libgcc.a(_lt_sf.o)
 .debug_info    0x000017a8      0x27f d:/iti_embedded/imt tools/sdk/imt_sdk_win_64/winavr/bin/../lib/gcc/avr/4.3.3/avr5\libgcc.a(_le_sf.o)
 .debug_info    0x00001a27      0x2b0 d:/iti_embedded/imt tools/sdk/imt_sdk_win_64/winavr/bin/../lib/gcc/avr/4.3.3/avr5\libgcc.a(_sf_to_si.o)
 .debug_info    0x00001cd7      0x12c d:/iti_embedded/imt tools/sdk/imt_sdk_win_64/winavr/bin/../lib/gcc/avr/4.3.3/avr5\libgcc.a(_thenan_sf.o)
 .debug_info    0x00001e03      0x206 d:/iti_embedded/imt tools/sdk/imt_sdk_win_64/winavr/bin/../lib/gcc/avr/4.3.3/avr5\libgcc.a(_usi_to_sf.o)
 .debug_info    0x00002009      0x117 d:/iti_embedded/imt tools/sdk/imt_sdk_win_64/winavr/bin/../lib/gcc/avr/4.3.3/avr5\libgcc.a(_clzsi2.o)
 .debug_info    0x00002120      0x2df d:/iti_embedded/imt tools/sdk/imt_sdk_win_64/winavr/bin/../lib/gcc/avr/4.3.3/avr5\libgcc.a(_pack_sf.o)
 .debug_info    0x000023ff      0x251 d:/iti_embedded/imt tools/sdk/imt_sdk_win_64/winavr/bin/../lib/gcc/avr/4.3.3/avr5\libgcc.a(_unpack_sf.o)
 .debug_info    0x00002650      0x210 d:/iti_embedded/imt tools/sdk/imt_sdk_win_64/winavr/bin/../lib/gcc/avr/4.3.3/avr5\libgcc.a(_fpcmp_parts_sf.o)
 .debug_info    0x00002860       0xa9 d:/iti_embedded/imt tools/sdk/imt_sdk_win_64/winavr/bin/../lib/gcc/avr/4.3.3/avr5\libgcc.a(_clz.o)
 *(.gnu.linkonce.wi.*)

.debug_abbrev   0x00000000     0x163a
 *(.debug_abbrev)
 .debug_abbrev  0x00000000       0x5d d:/iti_embedded/imt tools/sdk/imt_sdk_win_64/winavr/bin/../lib/gcc/avr/4.3.3/avr5\libgcc.a(_fixunssfsi.o)
 .debug_abbrev  0x0000005d      0x1ea d:/iti_embedded/imt tools/sdk/imt_sdk_win_64/winavr/bin/../lib/gcc/avr/4.3.3/avr5\libgcc.a(_addsub_sf.o)
 .debug_abbrev  0x00000247      0x21b d:/iti_embedded/imt tools/sdk/imt_sdk_win_64/winavr/bin/../lib/gcc/avr/4.3.3/avr5\libgcc.a(_mul_sf.o)
 .debug_abbrev  0x00000462      0x216 d:/iti_embedded/imt tools/sdk/imt_sdk_win_64/winavr/bin/../lib/gcc/avr/4.3.3/avr5\libgcc.a(_div_sf.o)
 .debug_abbrev  0x00000678      0x15a d:/iti_embedded/imt tools/sdk/imt_sdk_win_64/winavr/bin/../lib/gcc/avr/4.3.3/avr5\libgcc.a(_eq_sf.o)
 .debug_abbrev  0x000007d2      0x15a d:/iti_embedded/imt tools/sdk/imt_sdk_win_64/winavr/bin/../lib/gcc/avr/4.3.3/avr5\libgcc.a(_gt_sf.o)
 .debug_abbrev  0x0000092c      0x15a d:/iti_embedded/imt tools/sdk/imt_sdk_win_64/winavr/bin/../lib/gcc/avr/4.3.3/avr5\libgcc.a(_ge_sf.o)
 .debug_abbrev  0x00000a86      0x15a d:/iti_embedded/imt tools/sdk/imt_sdk_win_64/winavr/bin/../lib/gcc/avr/4.3.3/avr5\libgcc.a(_lt_sf.o)
 .debug_abbrev  0x00000be0      0x15a d:/iti_embedded/imt tools/sdk/imt_sdk_win_64/winavr/bin/../lib/gcc/avr/4.3.3/avr5\libgcc.a(_le_sf.o)
 .debug_abbrev  0x00000d3a      0x17f d:/iti_embedded/imt tools/sdk/imt_sdk_win_64/winavr/bin/../lib/gcc/avr/4.3.3/avr5\libgcc.a(_sf_to_si.o)
 .debug_abbrev  0x00000eb9       0xad d:/iti_embedded/imt tools/sdk/imt_sdk_win_64/winavr/bin/../lib/gcc/avr/4.3.3/avr5\libgcc.a(_thenan_sf.o)
 .debug_abbrev  0x00000f66      0x157 d:/iti_embedded/imt tools/sdk/imt_sdk_win_64/winavr/bin/../lib/gcc/avr/4.3.3/avr5\libgcc.a(_usi_to_sf.o)
 .debug_abbrev  0x000010bd       0xc4 d:/iti_embedded/imt tools/sdk/imt_sdk_win_64/winavr/bin/../lib/gcc/avr/4.3.3/avr5\libgcc.a(_clzsi2.o)
 .debug_abbrev  0x00001181      0x1c0 d:/iti_embedded/imt tools/sdk/imt_sdk_win_64/winavr/bin/../lib/gcc/avr/4.3.3/avr5\libgcc.a(_pack_sf.o)
 .debug_abbrev  0x00001341      0x154 d:/iti_embedded/imt tools/sdk/imt_sdk_win_64/winavr/bin/../lib/gcc/avr/4.3.3/avr5\libgcc.a(_unpack_sf.o)
 .debug_abbrev  0x00001495      0x13b d:/iti_embedded/imt tools/sdk/imt_sdk_win_64/winavr/bin/../lib/gcc/avr/4.3.3/avr5\libgcc.a(_fpcmp_parts_sf.o)
 .debug_abbrev  0x000015d0       0x6a d:/iti_embedded/imt tools/sdk/imt_sdk_win_64/winavr/bin/../lib/gcc/avr/4.3.3/avr5\libgcc.a(_clz.o)

.debug_line     0x00000000     0x137c
 *(.debug_line)
 .debug_line    0x00000000       0xa7 d:/iti_embedded/imt tools/sdk/imt_sdk_win_64/winavr/bin/../lib/gcc/avr/4.3.3/avr5\libgcc.a(_fixunssfsi.o)
 .debug_line    0x000000a7      0x2af d:/iti_embedded/imt tools/sdk/imt_sdk_win_64/winavr/bin/../lib/gcc/avr/4.3.3/avr5\libgcc.a(_addsub_sf.o)
 .debug_line    0x00000356      0x239 d:/iti_embedded/imt tools/sdk/imt_sdk_win_64/winavr/bin/../lib/gcc/avr/4.3.3/avr5\libgcc.a(_mul_sf.o)
 .debug_line    0x0000058f      0x1d5 d:/iti_embedded/imt tools/sdk/imt_sdk_win_64/winavr/bin/../lib/gcc/avr/4.3.3/avr5\libgcc.a(_div_sf.o)
 .debug_line    0x00000764       0xd3 d:/iti_embedded/imt tools/sdk/imt_sdk_win_64/winavr/bin/../lib/gcc/avr/4.3.3/avr5\libgcc.a(_eq_sf.o)
 .debug_line    0x00000837       0xd3 d:/iti_embedded/imt tools/sdk/imt_sdk_win_64/winavr/bin/../lib/gcc/avr/4.3.3/avr5\libgcc.a(_gt_sf.o)
 .debug_line    0x0000090a       0xd3 d:/iti_embedded/imt tools/sdk/imt_sdk_win_64/winavr/bin/../lib/gcc/avr/4.3.3/avr5\libgcc.a(_ge_sf.o)
 .debug_line    0x000009dd       0xd3 d:/iti_embedded/imt tools/sdk/imt_sdk_win_64/winavr/bin/../lib/gcc/avr/4.3.3/avr5\libgcc.a(_lt_sf.o)
 .debug_line    0x00000ab0       0xd3 d:/iti_embedded/imt tools/sdk/imt_sdk_win_64/winavr/bin/../lib/gcc/avr/4.3.3/avr5\libgcc.a(_le_sf.o)
 .debug_line    0x00000b83      0x109 d:/iti_embedded/imt tools/sdk/imt_sdk_win_64/winavr/bin/../lib/gcc/avr/4.3.3/avr5\libgcc.a(_sf_to_si.o)
 .debug_line    0x00000c8c       0x90 d:/iti_embedded/imt tools/sdk/imt_sdk_win_64/winavr/bin/../lib/gcc/avr/4.3.3/avr5\libgcc.a(_thenan_sf.o)
 .debug_line    0x00000d1c      0x133 d:/iti_embedded/imt tools/sdk/imt_sdk_win_64/winavr/bin/../lib/gcc/avr/4.3.3/avr5\libgcc.a(_usi_to_sf.o)
 .debug_line    0x00000e4f       0xa5 d:/iti_embedded/imt tools/sdk/imt_sdk_win_64/winavr/bin/../lib/gcc/avr/4.3.3/avr5\libgcc.a(_clzsi2.o)
 .debug_line    0x00000ef4      0x18a d:/iti_embedded/imt tools/sdk/imt_sdk_win_64/winavr/bin/../lib/gcc/avr/4.3.3/avr5\libgcc.a(_pack_sf.o)
 .debug_line    0x0000107e      0x14b d:/iti_embedded/imt tools/sdk/imt_sdk_win_64/winavr/bin/../lib/gcc/avr/4.3.3/avr5\libgcc.a(_unpack_sf.o)
 .debug_line    0x000011c9      0x137 d:/iti_embedded/imt tools/sdk/imt_sdk_win_64/winavr/bin/../lib/gcc/avr/4.3.3/avr5\libgcc.a(_fpcmp_parts_sf.o)
 .debug_line    0x00001300       0x7c d:/iti_embedded/imt tools/sdk/imt_sdk_win_64/winavr/bin/../lib/gcc/avr/4.3.3/avr5\libgcc.a(_clz.o)

.debug_frame    0x00000000      0x200
 *(.debug_frame)
 .debug_frame   0x00000000       0x20 d:/iti_embedded/imt tools/sdk/imt_sdk_win_64/winavr/bin/../lib/gcc/avr/4.3.3/avr5\libgcc.a(_fixunssfsi.o)
 .debug_frame   0x00000020       0x40 d:/iti_embedded/imt tools/sdk/imt_sdk_win_64/winavr/bin/../lib/gcc/avr/4.3.3/avr5\libgcc.a(_addsub_sf.o)
 .debug_frame   0x00000060       0x20 d:/iti_embedded/imt tools/sdk/imt_sdk_win_64/winavr/bin/../lib/gcc/avr/4.3.3/avr5\libgcc.a(_mul_sf.o)
 .debug_frame   0x00000080       0x20 d:/iti_embedded/imt tools/sdk/imt_sdk_win_64/winavr/bin/../lib/gcc/avr/4.3.3/avr5\libgcc.a(_div_sf.o)
 .debug_frame   0x000000a0       0x20 d:/iti_embedded/imt tools/sdk/imt_sdk_win_64/winavr/bin/../lib/gcc/avr/4.3.3/avr5\libgcc.a(_eq_sf.o)
 .debug_frame   0x000000c0       0x20 d:/iti_embedded/imt tools/sdk/imt_sdk_win_64/winavr/bin/../lib/gcc/avr/4.3.3/avr5\libgcc.a(_gt_sf.o)
 .debug_frame   0x000000e0       0x20 d:/iti_embedded/imt tools/sdk/imt_sdk_win_64/winavr/bin/../lib/gcc/avr/4.3.3/avr5\libgcc.a(_ge_sf.o)
 .debug_frame   0x00000100       0x20 d:/iti_embedded/imt tools/sdk/imt_sdk_win_64/winavr/bin/../lib/gcc/avr/4.3.3/avr5\libgcc.a(_lt_sf.o)
 .debug_frame   0x00000120       0x20 d:/iti_embedded/imt tools/sdk/imt_sdk_win_64/winavr/bin/../lib/gcc/avr/4.3.3/avr5\libgcc.a(_le_sf.o)
 .debug_frame   0x00000140       0x20 d:/iti_embedded/imt tools/sdk/imt_sdk_win_64/winavr/bin/../lib/gcc/avr/4.3.3/avr5\libgcc.a(_sf_to_si.o)
 .debug_frame   0x00000160       0x20 d:/iti_embedded/imt tools/sdk/imt_sdk_win_64/winavr/bin/../lib/gcc/avr/4.3.3/avr5\libgcc.a(_usi_to_sf.o)
 .debug_frame   0x00000180       0x20 d:/iti_embedded/imt tools/sdk/imt_sdk_win_64/winavr/bin/../lib/gcc/avr/4.3.3/avr5\libgcc.a(_clzsi2.o)
 .debug_frame   0x000001a0       0x20 d:/iti_embedded/imt tools/sdk/imt_sdk_win_64/winavr/bin/../lib/gcc/avr/4.3.3/avr5\libgcc.a(_pack_sf.o)
 .debug_frame   0x000001c0       0x20 d:/iti_embedded/imt tools/sdk/imt_sdk_win_64/winavr/bin/../lib/gcc/avr/4.3.3/avr5\libgcc.a(_unpack_sf.o)
 .debug_frame   0x000001e0       0x20 d:/iti_embedded/imt tools/sdk/imt_sdk_win_64/winavr/bin/../lib/gcc/avr/4.3.3/avr5\libgcc.a(_fpcmp_parts_sf.o)

.debug_str      0x00000000      0x306
 *(.debug_str)
 .debug_str     0x00000000       0xbf d:/iti_embedded/imt tools/sdk/imt_sdk_win_64/winavr/bin/../lib/gcc/avr/4.3.3/avr5\libgcc.a(_fixunssfsi.o)
                                 0xfe (size before relaxing)
 .debug_str     0x000000bf      0x14d d:/iti_embedded/imt tools/sdk/imt_sdk_win_64/winavr/bin/../lib/gcc/avr/4.3.3/avr5\libgcc.a(_addsub_sf.o)
                                0x206 (size before relaxing)
 .debug_str     0x0000020c       0x27 d:/iti_embedded/imt tools/sdk/imt_sdk_win_64/winavr/bin/../lib/gcc/avr/4.3.3/avr5\libgcc.a(_mul_sf.o)
                                0x1bf (size before relaxing)
 .debug_str     0x00000233       0x35 d:/iti_embedded/imt tools/sdk/imt_sdk_win_64/winavr/bin/../lib/gcc/avr/4.3.3/avr5\libgcc.a(_div_sf.o)
                                0x1c8 (size before relaxing)
 .debug_str     0x00000268        0x8 d:/iti_embedded/imt tools/sdk/imt_sdk_win_64/winavr/bin/../lib/gcc/avr/4.3.3/avr5\libgcc.a(_eq_sf.o)
                                0x195 (size before relaxing)
 .debug_str     0x00000270        0x8 d:/iti_embedded/imt tools/sdk/imt_sdk_win_64/winavr/bin/../lib/gcc/avr/4.3.3/avr5\libgcc.a(_gt_sf.o)
                                0x195 (size before relaxing)
 .debug_str     0x00000278        0x8 d:/iti_embedded/imt tools/sdk/imt_sdk_win_64/winavr/bin/../lib/gcc/avr/4.3.3/avr5\libgcc.a(_ge_sf.o)
                                0x195 (size before relaxing)
 .debug_str     0x00000280        0x8 d:/iti_embedded/imt tools/sdk/imt_sdk_win_64/winavr/bin/../lib/gcc/avr/4.3.3/avr5\libgcc.a(_lt_sf.o)
                                0x195 (size before relaxing)
 .debug_str     0x00000288        0x8 d:/iti_embedded/imt tools/sdk/imt_sdk_win_64/winavr/bin/../lib/gcc/avr/4.3.3/avr5\libgcc.a(_le_sf.o)
                                0x195 (size before relaxing)
 .debug_str     0x00000290        0xa d:/iti_embedded/imt tools/sdk/imt_sdk_win_64/winavr/bin/../lib/gcc/avr/4.3.3/avr5\libgcc.a(_sf_to_si.o)
                                0x19e (size before relaxing)
 .debug_str     0x00000000      0x103 d:/iti_embedded/imt tools/sdk/imt_sdk_win_64/winavr/bin/../lib/gcc/avr/4.3.3/avr5\libgcc.a(_thenan_sf.o)
 .debug_str     0x0000029a       0x21 d:/iti_embedded/imt tools/sdk/imt_sdk_win_64/winavr/bin/../lib/gcc/avr/4.3.3/avr5\libgcc.a(_usi_to_sf.o)
                                0x177 (size before relaxing)
 .debug_str     0x000002bb       0x20 d:/iti_embedded/imt tools/sdk/imt_sdk_win_64/winavr/bin/../lib/gcc/avr/4.3.3/avr5\libgcc.a(_clzsi2.o)
                                0x111 (size before relaxing)
 .debug_str     0x000002db       0x10 d:/iti_embedded/imt tools/sdk/imt_sdk_win_64/winavr/bin/../lib/gcc/avr/4.3.3/avr5\libgcc.a(_pack_sf.o)
                                0x19d (size before relaxing)
 .debug_str     0x000002eb        0xb d:/iti_embedded/imt tools/sdk/imt_sdk_win_64/winavr/bin/../lib/gcc/avr/4.3.3/avr5\libgcc.a(_unpack_sf.o)
                                0x17f (size before relaxing)
 .debug_str     0x000002f6       0x10 d:/iti_embedded/imt tools/sdk/imt_sdk_win_64/winavr/bin/../lib/gcc/avr/4.3.3/avr5\libgcc.a(_fpcmp_parts_sf.o)
                                0x163 (size before relaxing)
 .debug_str     0x00000000       0xf4 d:/iti_embedded/imt tools/sdk/imt_sdk_win_64/winavr/bin/../lib/gcc/avr/4.3.3/avr5\libgcc.a(_clz.o)

.debug_loc      0x00000000      0x9e6
 *(.debug_loc)
 .debug_loc     0x00000000       0x34 d:/iti_embedded/imt tools/sdk/imt_sdk_win_64/winavr/bin/../lib/gcc/avr/4.3.3/avr5\libgcc.a(_fixunssfsi.o)
 .debug_loc     0x00000034      0x32a d:/iti_embedded/imt tools/sdk/imt_sdk_win_64/winavr/bin/../lib/gcc/avr/4.3.3/avr5\libgcc.a(_addsub_sf.o)
 .debug_loc     0x0000035e      0x104 d:/iti_embedded/imt tools/sdk/imt_sdk_win_64/winavr/bin/../lib/gcc/avr/4.3.3/avr5\libgcc.a(_mul_sf.o)
 .debug_loc     0x00000462       0xc0 d:/iti_embedded/imt tools/sdk/imt_sdk_win_64/winavr/bin/../lib/gcc/avr/4.3.3/avr5\libgcc.a(_div_sf.o)
 .debug_loc     0x00000522       0x3c d:/iti_embedded/imt tools/sdk/imt_sdk_win_64/winavr/bin/../lib/gcc/avr/4.3.3/avr5\libgcc.a(_eq_sf.o)
 .debug_loc     0x0000055e       0x3c d:/iti_embedded/imt tools/sdk/imt_sdk_win_64/winavr/bin/../lib/gcc/avr/4.3.3/avr5\libgcc.a(_gt_sf.o)
 .debug_loc     0x0000059a       0x3c d:/iti_embedded/imt tools/sdk/imt_sdk_win_64/winavr/bin/../lib/gcc/avr/4.3.3/avr5\libgcc.a(_ge_sf.o)
 .debug_loc     0x000005d6       0x3c d:/iti_embedded/imt tools/sdk/imt_sdk_win_64/winavr/bin/../lib/gcc/avr/4.3.3/avr5\libgcc.a(_lt_sf.o)
 .debug_loc     0x00000612       0x3c d:/iti_embedded/imt tools/sdk/imt_sdk_win_64/winavr/bin/../lib/gcc/avr/4.3.3/avr5\libgcc.a(_le_sf.o)
 .debug_loc     0x0000064e       0x7e d:/iti_embedded/imt tools/sdk/imt_sdk_win_64/winavr/bin/../lib/gcc/avr/4.3.3/avr5\libgcc.a(_sf_to_si.o)
 .debug_loc     0x000006cc       0x4c d:/iti_embedded/imt tools/sdk/imt_sdk_win_64/winavr/bin/../lib/gcc/avr/4.3.3/avr5\libgcc.a(_usi_to_sf.o)
 .debug_loc     0x00000718       0x94 d:/iti_embedded/imt tools/sdk/imt_sdk_win_64/winavr/bin/../lib/gcc/avr/4.3.3/avr5\libgcc.a(_clzsi2.o)
 .debug_loc     0x000007ac      0x13e d:/iti_embedded/imt tools/sdk/imt_sdk_win_64/winavr/bin/../lib/gcc/avr/4.3.3/avr5\libgcc.a(_pack_sf.o)
 .debug_loc     0x000008ea       0xac d:/iti_embedded/imt tools/sdk/imt_sdk_win_64/winavr/bin/../lib/gcc/avr/4.3.3/avr5\libgcc.a(_unpack_sf.o)
 .debug_loc     0x00000996       0x50 d:/iti_embedded/imt tools/sdk/imt_sdk_win_64/winavr/bin/../lib/gcc/avr/4.3.3/avr5\libgcc.a(_fpcmp_parts_sf.o)

.debug_macinfo
 *(.debug_macinfo)
OUTPUT(ADAS2.elf elf32-avr)
LOAD linker stubs

.debug_ranges   0x00000000       0x50
 .debug_ranges  0x00000000       0x50 d:/iti_embedded/imt tools/sdk/imt_sdk_win_64/winavr/bin/../lib/gcc/avr/4.3.3/avr5\libgcc.a(_mul_sf.o)
